2025-04-17 14:41:45,195 - {'optimizer': {'name': 'adam', 'lr': 0.001, 'weight_decay': 0}, 'train': {'epoch': 1000, 'batch_size': 1024, 'save_model': False, 'loss': 'pairwise', 'test_step': 3, 'reproducible': True, 'seed': 2024, 'patience': 20}, 'test': {'metrics': ['recall', 'ndcg'], 'k': [5, 10, 20], 'batch_size': 1024}, 'data': {'type': 'general_cf', 'name': 'amazon', 'user_num': 11000, 'item_num': 9332}, 'model': {'name': 'mult_vae_cpdm', 'beta': 0.2, 'embedding_size': 32, 'dropout': 0.2, 'reg_weight': 1e-06, 'amazon': {'dropout': 0.3, 'reg_weight': 1e-06}, 'yelp': {'dropout': 0.3, 'reg_weight': 1e-06}, 'steam': {'dropout': 0.2, 'reg_weight': 1e-06}}}
2025-04-17 14:41:47,091 - Epoch   0 Validation set [recall@5: 0.0046 recall@10: 0.0076 recall@20: 0.0141 ] [ndcg@5: 0.0049 ndcg@10: 0.0059 ndcg@20: 0.0080 ] 
2025-04-17 14:41:48,818 - Epoch   3 Validation set [recall@5: 0.0094 recall@10: 0.0178 recall@20: 0.0295 ] [ndcg@5: 0.0117 ndcg@10: 0.0140 ndcg@20: 0.0177 ] 
2025-04-17 14:41:50,462 - Epoch   6 Validation set [recall@5: 0.0187 recall@10: 0.0305 recall@20: 0.0503 ] [ndcg@5: 0.0203 ndcg@10: 0.0240 ndcg@20: 0.0306 ] 
2025-04-17 14:41:52,099 - Epoch   9 Validation set [recall@5: 0.0239 recall@10: 0.0399 recall@20: 0.0643 ] [ndcg@5: 0.0261 ndcg@10: 0.0312 ndcg@20: 0.0389 ] 
2025-04-17 14:41:53,782 - Epoch  12 Validation set [recall@5: 0.0319 recall@10: 0.0509 recall@20: 0.0792 ] [ndcg@5: 0.0338 ndcg@10: 0.0398 ndcg@20: 0.0489 ] 
2025-04-17 14:41:55,476 - Epoch  15 Validation set [recall@5: 0.0346 recall@10: 0.0561 recall@20: 0.0893 ] [ndcg@5: 0.0360 ndcg@10: 0.0434 ndcg@20: 0.0543 ] 
2025-04-17 14:41:57,150 - Epoch  18 Validation set [recall@5: 0.0388 recall@10: 0.0620 recall@20: 0.0971 ] [ndcg@5: 0.0408 ndcg@10: 0.0485 ndcg@20: 0.0597 ] 
2025-04-17 14:41:58,828 - Epoch  21 Validation set [recall@5: 0.0399 recall@10: 0.0661 recall@20: 0.1047 ] [ndcg@5: 0.0417 ndcg@10: 0.0504 ndcg@20: 0.0631 ] 
2025-04-17 14:42:00,536 - Epoch  24 Validation set [recall@5: 0.0425 recall@10: 0.0699 recall@20: 0.1079 ] [ndcg@5: 0.0441 ndcg@10: 0.0535 ndcg@20: 0.0660 ] 
2025-04-17 14:42:02,256 - Epoch  27 Validation set [recall@5: 0.0438 recall@10: 0.0732 recall@20: 0.1122 ] [ndcg@5: 0.0456 ndcg@10: 0.0558 ndcg@20: 0.0686 ] 
2025-04-17 14:42:03,918 - Epoch  30 Validation set [recall@5: 0.0450 recall@10: 0.0741 recall@20: 0.1162 ] [ndcg@5: 0.0467 ndcg@10: 0.0566 ndcg@20: 0.0703 ] 
2025-04-17 14:42:05,598 - Epoch  33 Validation set [recall@5: 0.0482 recall@10: 0.0788 recall@20: 0.1203 ] [ndcg@5: 0.0494 ndcg@10: 0.0597 ndcg@20: 0.0734 ] 
2025-04-17 14:42:07,317 - Epoch  36 Validation set [recall@5: 0.0478 recall@10: 0.0785 recall@20: 0.1204 ] [ndcg@5: 0.0489 ndcg@10: 0.0596 ndcg@20: 0.0734 ] 
2025-04-17 14:42:09,008 - Epoch  39 Validation set [recall@5: 0.0516 recall@10: 0.0818 recall@20: 0.1264 ] [ndcg@5: 0.0531 ndcg@10: 0.0631 ndcg@20: 0.0778 ] 
2025-04-17 14:42:10,733 - Epoch  42 Validation set [recall@5: 0.0509 recall@10: 0.0821 recall@20: 0.1273 ] [ndcg@5: 0.0523 ndcg@10: 0.0629 ndcg@20: 0.0777 ] 
2025-04-17 14:42:12,478 - Epoch  45 Validation set [recall@5: 0.0520 recall@10: 0.0850 recall@20: 0.1288 ] [ndcg@5: 0.0529 ndcg@10: 0.0645 ndcg@20: 0.0788 ] 
2025-04-17 14:42:14,199 - Epoch  48 Validation set [recall@5: 0.0541 recall@10: 0.0864 recall@20: 0.1325 ] [ndcg@5: 0.0558 ndcg@10: 0.0665 ndcg@20: 0.0817 ] 
2025-04-17 14:42:15,904 - Epoch  51 Validation set [recall@5: 0.0556 recall@10: 0.0878 recall@20: 0.1324 ] [ndcg@5: 0.0561 ndcg@10: 0.0673 ndcg@20: 0.0820 ] 
2025-04-17 14:42:17,603 - Epoch  54 Validation set [recall@5: 0.0545 recall@10: 0.0876 recall@20: 0.1307 ] [ndcg@5: 0.0552 ndcg@10: 0.0666 ndcg@20: 0.0810 ] 
2025-04-17 14:42:19,350 - Epoch  57 Validation set [recall@5: 0.0563 recall@10: 0.0918 recall@20: 0.1363 ] [ndcg@5: 0.0570 ndcg@10: 0.0691 ndcg@20: 0.0838 ] 
2025-04-17 14:42:21,094 - Epoch  60 Validation set [recall@5: 0.0572 recall@10: 0.0921 recall@20: 0.1380 ] [ndcg@5: 0.0580 ndcg@10: 0.0700 ndcg@20: 0.0852 ] 
2025-04-17 14:42:22,763 - Epoch  63 Validation set [recall@5: 0.0582 recall@10: 0.0913 recall@20: 0.1362 ] [ndcg@5: 0.0594 ndcg@10: 0.0703 ndcg@20: 0.0850 ] 
2025-04-17 14:42:24,437 - Epoch  66 Validation set [recall@5: 0.0587 recall@10: 0.0914 recall@20: 0.1383 ] [ndcg@5: 0.0588 ndcg@10: 0.0699 ndcg@20: 0.0856 ] 
2025-04-17 14:42:26,165 - Epoch  69 Validation set [recall@5: 0.0593 recall@10: 0.0924 recall@20: 0.1402 ] [ndcg@5: 0.0596 ndcg@10: 0.0709 ndcg@20: 0.0867 ] 
2025-04-17 14:42:27,820 - Epoch  72 Validation set [recall@5: 0.0587 recall@10: 0.0935 recall@20: 0.1399 ] [ndcg@5: 0.0596 ndcg@10: 0.0713 ndcg@20: 0.0866 ] 
2025-04-17 14:42:29,488 - Epoch  75 Validation set [recall@5: 0.0597 recall@10: 0.0936 recall@20: 0.1418 ] [ndcg@5: 0.0605 ndcg@10: 0.0719 ndcg@20: 0.0879 ] 
2025-04-17 14:42:31,178 - Epoch  78 Validation set [recall@5: 0.0605 recall@10: 0.0961 recall@20: 0.1436 ] [ndcg@5: 0.0609 ndcg@10: 0.0730 ndcg@20: 0.0886 ] 
2025-04-17 14:42:32,868 - Epoch  81 Validation set [recall@5: 0.0617 recall@10: 0.0947 recall@20: 0.1437 ] [ndcg@5: 0.0621 ndcg@10: 0.0730 ndcg@20: 0.0892 ] 
2025-04-17 14:42:34,555 - Epoch  84 Validation set [recall@5: 0.0624 recall@10: 0.0971 recall@20: 0.1452 ] [ndcg@5: 0.0626 ndcg@10: 0.0744 ndcg@20: 0.0903 ] 
2025-04-17 14:42:36,272 - Epoch  87 Validation set [recall@5: 0.0618 recall@10: 0.0953 recall@20: 0.1446 ] [ndcg@5: 0.0619 ndcg@10: 0.0734 ndcg@20: 0.0897 ] 
2025-04-17 14:42:37,989 - Epoch  90 Validation set [recall@5: 0.0613 recall@10: 0.0964 recall@20: 0.1473 ] [ndcg@5: 0.0622 ndcg@10: 0.0742 ndcg@20: 0.0911 ] 
2025-04-17 14:42:39,732 - Epoch  93 Validation set [recall@5: 0.0642 recall@10: 0.0982 recall@20: 0.1458 ] [ndcg@5: 0.0649 ndcg@10: 0.0761 ndcg@20: 0.0920 ] 
2025-04-17 14:42:41,444 - Epoch  96 Validation set [recall@5: 0.0625 recall@10: 0.0979 recall@20: 0.1485 ] [ndcg@5: 0.0629 ndcg@10: 0.0753 ndcg@20: 0.0920 ] 
2025-04-17 14:42:43,152 - Epoch  99 Validation set [recall@5: 0.0626 recall@10: 0.0975 recall@20: 0.1469 ] [ndcg@5: 0.0626 ndcg@10: 0.0746 ndcg@20: 0.0910 ] 
2025-04-17 14:42:44,858 - Epoch 102 Validation set [recall@5: 0.0636 recall@10: 0.0987 recall@20: 0.1498 ] [ndcg@5: 0.0633 ndcg@10: 0.0753 ndcg@20: 0.0919 ] 
2025-04-17 14:42:46,537 - Epoch 105 Validation set [recall@5: 0.0640 recall@10: 0.0997 recall@20: 0.1492 ] [ndcg@5: 0.0641 ndcg@10: 0.0761 ndcg@20: 0.0923 ] 
2025-04-17 14:42:48,256 - Epoch 108 Validation set [recall@5: 0.0634 recall@10: 0.1009 recall@20: 0.1497 ] [ndcg@5: 0.0641 ndcg@10: 0.0770 ndcg@20: 0.0932 ] 
2025-04-17 14:42:49,917 - Epoch 111 Validation set [recall@5: 0.0644 recall@10: 0.1011 recall@20: 0.1522 ] [ndcg@5: 0.0641 ndcg@10: 0.0768 ndcg@20: 0.0935 ] 
2025-04-17 14:42:51,644 - Epoch 114 Validation set [recall@5: 0.0649 recall@10: 0.1012 recall@20: 0.1517 ] [ndcg@5: 0.0652 ndcg@10: 0.0775 ndcg@20: 0.0941 ] 
2025-04-17 14:42:53,409 - Epoch 117 Validation set [recall@5: 0.0660 recall@10: 0.1021 recall@20: 0.1499 ] [ndcg@5: 0.0650 ndcg@10: 0.0775 ndcg@20: 0.0934 ] 
2025-04-17 14:42:55,144 - Epoch 120 Validation set [recall@5: 0.0660 recall@10: 0.1008 recall@20: 0.1508 ] [ndcg@5: 0.0650 ndcg@10: 0.0770 ndcg@20: 0.0935 ] 
2025-04-17 14:42:56,844 - Epoch 123 Validation set [recall@5: 0.0652 recall@10: 0.1016 recall@20: 0.1513 ] [ndcg@5: 0.0650 ndcg@10: 0.0774 ndcg@20: 0.0938 ] 
2025-04-17 14:42:58,539 - Epoch 126 Validation set [recall@5: 0.0644 recall@10: 0.1030 recall@20: 0.1507 ] [ndcg@5: 0.0647 ndcg@10: 0.0779 ndcg@20: 0.0938 ] 
2025-04-17 14:43:00,303 - Epoch 129 Validation set [recall@5: 0.0650 recall@10: 0.1016 recall@20: 0.1526 ] [ndcg@5: 0.0645 ndcg@10: 0.0771 ndcg@20: 0.0941 ] 
2025-04-17 14:43:02,047 - Epoch 132 Validation set [recall@5: 0.0650 recall@10: 0.1017 recall@20: 0.1522 ] [ndcg@5: 0.0652 ndcg@10: 0.0780 ndcg@20: 0.0947 ] 
2025-04-17 14:43:03,734 - Epoch 135 Validation set [recall@5: 0.0669 recall@10: 0.1034 recall@20: 0.1547 ] [ndcg@5: 0.0666 ndcg@10: 0.0791 ndcg@20: 0.0958 ] 
2025-04-17 14:43:05,423 - Epoch 138 Validation set [recall@5: 0.0662 recall@10: 0.1030 recall@20: 0.1524 ] [ndcg@5: 0.0660 ndcg@10: 0.0786 ndcg@20: 0.0950 ] 
2025-04-17 14:43:07,095 - Epoch 141 Validation set [recall@5: 0.0683 recall@10: 0.1033 recall@20: 0.1539 ] [ndcg@5: 0.0670 ndcg@10: 0.0786 ndcg@20: 0.0954 ] 
2025-04-17 14:43:08,782 - Epoch 144 Validation set [recall@5: 0.0681 recall@10: 0.1038 recall@20: 0.1549 ] [ndcg@5: 0.0673 ndcg@10: 0.0795 ndcg@20: 0.0963 ] 
2025-04-17 14:43:10,522 - Epoch 147 Validation set [recall@5: 0.0656 recall@10: 0.1045 recall@20: 0.1541 ] [ndcg@5: 0.0652 ndcg@10: 0.0789 ndcg@20: 0.0953 ] 
2025-04-17 14:43:12,235 - Epoch 150 Validation set [recall@5: 0.0655 recall@10: 0.1024 recall@20: 0.1535 ] [ndcg@5: 0.0649 ndcg@10: 0.0777 ndcg@20: 0.0945 ] 
2025-04-17 14:43:14,007 - Epoch 153 Validation set [recall@5: 0.0683 recall@10: 0.1030 recall@20: 0.1537 ] [ndcg@5: 0.0663 ndcg@10: 0.0784 ndcg@20: 0.0952 ] 
2025-04-17 14:43:15,701 - Epoch 156 Validation set [recall@5: 0.0679 recall@10: 0.1060 recall@20: 0.1554 ] [ndcg@5: 0.0673 ndcg@10: 0.0805 ndcg@20: 0.0969 ] 
2025-04-17 14:43:17,398 - Epoch 159 Validation set [recall@5: 0.0665 recall@10: 0.1038 recall@20: 0.1533 ] [ndcg@5: 0.0666 ndcg@10: 0.0794 ndcg@20: 0.0955 ] 
2025-04-17 14:43:19,071 - Epoch 162 Validation set [recall@5: 0.0684 recall@10: 0.1031 recall@20: 0.1542 ] [ndcg@5: 0.0674 ndcg@10: 0.0794 ndcg@20: 0.0962 ] 
2025-04-17 14:43:20,785 - Epoch 165 Validation set [recall@5: 0.0676 recall@10: 0.1030 recall@20: 0.1534 ] [ndcg@5: 0.0668 ndcg@10: 0.0789 ndcg@20: 0.0954 ] 
2025-04-17 14:43:22,509 - Epoch 168 Validation set [recall@5: 0.0685 recall@10: 0.1049 recall@20: 0.1536 ] [ndcg@5: 0.0667 ndcg@10: 0.0796 ndcg@20: 0.0957 ] 
2025-04-17 14:43:24,181 - Epoch 171 Validation set [recall@5: 0.0672 recall@10: 0.1029 recall@20: 0.1537 ] [ndcg@5: 0.0662 ndcg@10: 0.0784 ndcg@20: 0.0952 ] 
2025-04-17 14:43:25,835 - Epoch 174 Validation set [recall@5: 0.0683 recall@10: 0.1039 recall@20: 0.1550 ] [ndcg@5: 0.0676 ndcg@10: 0.0797 ndcg@20: 0.0964 ] 
2025-04-17 14:43:27,520 - Epoch 177 Validation set [recall@5: 0.0676 recall@10: 0.1047 recall@20: 0.1551 ] [ndcg@5: 0.0664 ndcg@10: 0.0793 ndcg@20: 0.0959 ] 
2025-04-17 14:43:29,202 - Epoch 180 Validation set [recall@5: 0.0695 recall@10: 0.1039 recall@20: 0.1559 ] [ndcg@5: 0.0678 ndcg@10: 0.0797 ndcg@20: 0.0969 ] 
2025-04-17 14:43:30,894 - Epoch 183 Validation set [recall@5: 0.0692 recall@10: 0.1062 recall@20: 0.1556 ] [ndcg@5: 0.0679 ndcg@10: 0.0808 ndcg@20: 0.0970 ] 
2025-04-17 14:43:32,571 - Epoch 186 Validation set [recall@5: 0.0665 recall@10: 0.1058 recall@20: 0.1540 ] [ndcg@5: 0.0658 ndcg@10: 0.0796 ndcg@20: 0.0956 ] 
2025-04-17 14:43:34,252 - Epoch 189 Validation set [recall@5: 0.0686 recall@10: 0.1038 recall@20: 0.1573 ] [ndcg@5: 0.0667 ndcg@10: 0.0788 ndcg@20: 0.0965 ] 
2025-04-17 14:43:35,907 - Epoch 192 Validation set [recall@5: 0.0680 recall@10: 0.1045 recall@20: 0.1541 ] [ndcg@5: 0.0667 ndcg@10: 0.0795 ndcg@20: 0.0959 ] 
2025-04-17 14:43:37,622 - Epoch 195 Validation set [recall@5: 0.0680 recall@10: 0.1044 recall@20: 0.1541 ] [ndcg@5: 0.0669 ndcg@10: 0.0797 ndcg@20: 0.0961 ] 
2025-04-17 14:43:39,298 - Epoch 198 Validation set [recall@5: 0.0682 recall@10: 0.1042 recall@20: 0.1542 ] [ndcg@5: 0.0662 ndcg@10: 0.0787 ndcg@20: 0.0951 ] 
2025-04-17 14:43:41,036 - Epoch 201 Validation set [recall@5: 0.0696 recall@10: 0.1058 recall@20: 0.1551 ] [ndcg@5: 0.0678 ndcg@10: 0.0801 ndcg@20: 0.0963 ] 
2025-04-17 14:43:42,713 - Epoch 204 Validation set [recall@5: 0.0687 recall@10: 0.1043 recall@20: 0.1559 ] [ndcg@5: 0.0676 ndcg@10: 0.0797 ndcg@20: 0.0966 ] 
2025-04-17 14:43:44,359 - Epoch 207 Validation set [recall@5: 0.0675 recall@10: 0.1061 recall@20: 0.1552 ] [ndcg@5: 0.0660 ndcg@10: 0.0794 ndcg@20: 0.0956 ] 
2025-04-17 14:43:46,019 - Epoch 210 Validation set [recall@5: 0.0688 recall@10: 0.1056 recall@20: 0.1555 ] [ndcg@5: 0.0675 ndcg@10: 0.0802 ndcg@20: 0.0966 ] 
2025-04-17 14:43:47,646 - Epoch 213 Validation set [recall@5: 0.0687 recall@10: 0.1041 recall@20: 0.1543 ] [ndcg@5: 0.0673 ndcg@10: 0.0794 ndcg@20: 0.0960 ] 
2025-04-17 14:43:49,332 - Epoch 216 Validation set [recall@5: 0.0685 recall@10: 0.1044 recall@20: 0.1570 ] [ndcg@5: 0.0675 ndcg@10: 0.0795 ndcg@20: 0.0969 ] 
2025-04-17 14:43:51,017 - Epoch 219 Validation set [recall@5: 0.0672 recall@10: 0.1038 recall@20: 0.1547 ] [ndcg@5: 0.0666 ndcg@10: 0.0793 ndcg@20: 0.0961 ] 
2025-04-17 14:43:52,662 - Epoch 222 Validation set [recall@5: 0.0686 recall@10: 0.1050 recall@20: 0.1555 ] [ndcg@5: 0.0671 ndcg@10: 0.0797 ndcg@20: 0.0962 ] 
2025-04-17 14:43:54,296 - Epoch 225 Validation set [recall@5: 0.0673 recall@10: 0.1025 recall@20: 0.1526 ] [ndcg@5: 0.0652 ndcg@10: 0.0776 ndcg@20: 0.0939 ] 
2025-04-17 14:43:55,931 - Epoch 228 Validation set [recall@5: 0.0671 recall@10: 0.1044 recall@20: 0.1532 ] [ndcg@5: 0.0652 ndcg@10: 0.0780 ndcg@20: 0.0942 ] 
2025-04-17 14:43:57,599 - Epoch 231 Validation set [recall@5: 0.0698 recall@10: 0.1039 recall@20: 0.1561 ] [ndcg@5: 0.0669 ndcg@10: 0.0789 ndcg@20: 0.0959 ] 
2025-04-17 14:43:59,235 - Epoch 234 Validation set [recall@5: 0.0688 recall@10: 0.1052 recall@20: 0.1548 ] [ndcg@5: 0.0663 ndcg@10: 0.0792 ndcg@20: 0.0954 ] 
2025-04-17 14:44:00,917 - Epoch 237 Validation set [recall@5: 0.0692 recall@10: 0.1078 recall@20: 0.1560 ] [ndcg@5: 0.0674 ndcg@10: 0.0808 ndcg@20: 0.0967 ] 
2025-04-17 14:44:02,609 - Epoch 240 Validation set [recall@5: 0.0657 recall@10: 0.1046 recall@20: 0.1557 ] [ndcg@5: 0.0649 ndcg@10: 0.0784 ndcg@20: 0.0953 ] 
2025-04-17 14:44:04,269 - Epoch 243 Validation set [recall@5: 0.0675 recall@10: 0.1040 recall@20: 0.1533 ] [ndcg@5: 0.0659 ndcg@10: 0.0786 ndcg@20: 0.0948 ] 
2025-04-17 14:44:05,940 - Epoch 246 Validation set [recall@5: 0.0677 recall@10: 0.1051 recall@20: 0.1557 ] [ndcg@5: 0.0653 ndcg@10: 0.0787 ndcg@20: 0.0954 ] 
2025-04-17 14:44:07,620 - Epoch 249 Validation set [recall@5: 0.0672 recall@10: 0.1048 recall@20: 0.1557 ] [ndcg@5: 0.0657 ndcg@10: 0.0789 ndcg@20: 0.0956 ] 
2025-04-17 14:44:08,647 - [recall@5: 0.0686 recall@10: 0.1038 recall@20: 0.1573 ] [ndcg@5: 0.0667 ndcg@10: 0.0788 ndcg@20: 0.0965 ] 
2025-04-17 14:44:09,756 - [recall@5: 0.0656 recall@10: 0.1042 recall@20: 0.1577 ] [ndcg@5: 0.0662 ndcg@10: 0.0796 ndcg@20: 0.0971 ] 
2025-04-17 14:44:09,756 - Best Epoch 189. Final test result: {'recall': array([0.0656124 , 0.10423643, 0.15770546]), 'ndcg': array([0.06617664, 0.07961771, 0.09714665])}.
