2025-04-17 15:24:44,663 - {'optimizer': {'name': 'adam', 'lr': 0.001, 'weight_decay': 0}, 'train': {'epoch': 1000, 'batch_size': 1024, 'save_model': False, 'loss': 'pairwise', 'test_step': 3, 'reproducible': True, 'seed': 2024, 'patience': 20}, 'test': {'metrics': ['recall', 'ndcg'], 'k': [5, 10, 20], 'batch_size': 1024}, 'data': {'type': 'general_cf', 'name': 'steam', 'user_num': 23310, 'item_num': 5237}, 'model': {'name': 'mult_vae_cpdm', 'beta': 0.6, 'embedding_size': 32, 'dropout': 0.2, 'reg_weight': 1e-06, 'amazon': {'dropout': 0.3, 'reg_weight': 1e-06}, 'yelp': {'dropout': 0.3, 'reg_weight': 1e-06}, 'steam': {'dropout': 0.2, 'reg_weight': 1e-06}}}
2025-04-17 15:24:47,371 - Epoch   0 Validation set [recall@5: 0.0335 recall@10: 0.0552 recall@20: 0.0912 ] [ndcg@5: 0.0399 ndcg@10: 0.0463 ndcg@20: 0.0582 ] 
2025-04-17 15:24:49,970 - Epoch   3 Validation set [recall@5: 0.0355 recall@10: 0.0561 recall@20: 0.0931 ] [ndcg@5: 0.0416 ndcg@10: 0.0477 ndcg@20: 0.0597 ] 
2025-04-17 15:24:52,657 - Epoch   6 Validation set [recall@5: 0.0384 recall@10: 0.0640 recall@20: 0.1049 ] [ndcg@5: 0.0452 ndcg@10: 0.0532 ndcg@20: 0.0668 ] 
2025-04-17 15:24:55,289 - Epoch   9 Validation set [recall@5: 0.0408 recall@10: 0.0679 recall@20: 0.1119 ] [ndcg@5: 0.0483 ndcg@10: 0.0565 ndcg@20: 0.0711 ] 
2025-04-17 15:24:57,952 - Epoch  12 Validation set [recall@5: 0.0424 recall@10: 0.0713 recall@20: 0.1147 ] [ndcg@5: 0.0501 ndcg@10: 0.0591 ndcg@20: 0.0734 ] 
2025-04-17 15:25:00,744 - Epoch  15 Validation set [recall@5: 0.0429 recall@10: 0.0727 recall@20: 0.1175 ] [ndcg@5: 0.0508 ndcg@10: 0.0602 ndcg@20: 0.0751 ] 
2025-04-17 15:25:03,486 - Epoch  18 Validation set [recall@5: 0.0444 recall@10: 0.0750 recall@20: 0.1203 ] [ndcg@5: 0.0520 ndcg@10: 0.0615 ndcg@20: 0.0766 ] 
2025-04-17 15:25:06,239 - Epoch  21 Validation set [recall@5: 0.0449 recall@10: 0.0758 recall@20: 0.1220 ] [ndcg@5: 0.0530 ndcg@10: 0.0628 ndcg@20: 0.0782 ] 
2025-04-17 15:25:08,989 - Epoch  24 Validation set [recall@5: 0.0468 recall@10: 0.0786 recall@20: 0.1250 ] [ndcg@5: 0.0547 ndcg@10: 0.0647 ndcg@20: 0.0802 ] 
2025-04-17 15:25:11,636 - Epoch  27 Validation set [recall@5: 0.0480 recall@10: 0.0799 recall@20: 0.1276 ] [ndcg@5: 0.0555 ndcg@10: 0.0655 ndcg@20: 0.0815 ] 
2025-04-17 15:25:14,183 - Epoch  30 Validation set [recall@5: 0.0487 recall@10: 0.0810 recall@20: 0.1285 ] [ndcg@5: 0.0562 ndcg@10: 0.0665 ndcg@20: 0.0825 ] 
2025-04-17 15:25:16,803 - Epoch  33 Validation set [recall@5: 0.0501 recall@10: 0.0826 recall@20: 0.1295 ] [ndcg@5: 0.0574 ndcg@10: 0.0675 ndcg@20: 0.0833 ] 
2025-04-17 15:25:19,435 - Epoch  36 Validation set [recall@5: 0.0499 recall@10: 0.0827 recall@20: 0.1304 ] [ndcg@5: 0.0572 ndcg@10: 0.0676 ndcg@20: 0.0837 ] 
2025-04-17 15:25:21,990 - Epoch  39 Validation set [recall@5: 0.0504 recall@10: 0.0837 recall@20: 0.1318 ] [ndcg@5: 0.0576 ndcg@10: 0.0682 ndcg@20: 0.0844 ] 
2025-04-17 15:25:24,599 - Epoch  42 Validation set [recall@5: 0.0511 recall@10: 0.0839 recall@20: 0.1329 ] [ndcg@5: 0.0581 ndcg@10: 0.0684 ndcg@20: 0.0849 ] 
2025-04-17 15:25:27,257 - Epoch  45 Validation set [recall@5: 0.0513 recall@10: 0.0849 recall@20: 0.1348 ] [ndcg@5: 0.0581 ndcg@10: 0.0689 ndcg@20: 0.0858 ] 
2025-04-17 15:25:29,783 - Epoch  48 Validation set [recall@5: 0.0534 recall@10: 0.0863 recall@20: 0.1366 ] [ndcg@5: 0.0598 ndcg@10: 0.0703 ndcg@20: 0.0872 ] 
2025-04-17 15:25:32,389 - Epoch  51 Validation set [recall@5: 0.0533 recall@10: 0.0882 recall@20: 0.1369 ] [ndcg@5: 0.0603 ndcg@10: 0.0714 ndcg@20: 0.0880 ] 
2025-04-17 15:25:35,030 - Epoch  54 Validation set [recall@5: 0.0532 recall@10: 0.0874 recall@20: 0.1377 ] [ndcg@5: 0.0603 ndcg@10: 0.0712 ndcg@20: 0.0881 ] 
2025-04-17 15:25:37,540 - Epoch  57 Validation set [recall@5: 0.0537 recall@10: 0.0885 recall@20: 0.1392 ] [ndcg@5: 0.0612 ndcg@10: 0.0721 ndcg@20: 0.0891 ] 
2025-04-17 15:25:40,185 - Epoch  60 Validation set [recall@5: 0.0544 recall@10: 0.0891 recall@20: 0.1395 ] [ndcg@5: 0.0621 ndcg@10: 0.0728 ndcg@20: 0.0898 ] 
2025-04-17 15:25:42,794 - Epoch  63 Validation set [recall@5: 0.0543 recall@10: 0.0901 recall@20: 0.1400 ] [ndcg@5: 0.0614 ndcg@10: 0.0731 ndcg@20: 0.0899 ] 
2025-04-17 15:25:45,418 - Epoch  66 Validation set [recall@5: 0.0552 recall@10: 0.0902 recall@20: 0.1405 ] [ndcg@5: 0.0620 ndcg@10: 0.0731 ndcg@20: 0.0901 ] 
2025-04-17 15:25:47,942 - Epoch  69 Validation set [recall@5: 0.0560 recall@10: 0.0912 recall@20: 0.1417 ] [ndcg@5: 0.0628 ndcg@10: 0.0741 ndcg@20: 0.0910 ] 
2025-04-17 15:25:50,551 - Epoch  72 Validation set [recall@5: 0.0562 recall@10: 0.0915 recall@20: 0.1434 ] [ndcg@5: 0.0633 ndcg@10: 0.0745 ndcg@20: 0.0920 ] 
2025-04-17 15:25:53,224 - Epoch  75 Validation set [recall@5: 0.0555 recall@10: 0.0911 recall@20: 0.1433 ] [ndcg@5: 0.0626 ndcg@10: 0.0740 ndcg@20: 0.0915 ] 
2025-04-17 15:25:55,933 - Epoch  78 Validation set [recall@5: 0.0563 recall@10: 0.0915 recall@20: 0.1425 ] [ndcg@5: 0.0632 ndcg@10: 0.0744 ndcg@20: 0.0917 ] 
2025-04-17 15:25:58,619 - Epoch  81 Validation set [recall@5: 0.0560 recall@10: 0.0906 recall@20: 0.1429 ] [ndcg@5: 0.0629 ndcg@10: 0.0740 ndcg@20: 0.0917 ] 
2025-04-17 15:26:01,240 - Epoch  84 Validation set [recall@5: 0.0560 recall@10: 0.0916 recall@20: 0.1425 ] [ndcg@5: 0.0633 ndcg@10: 0.0745 ndcg@20: 0.0916 ] 
2025-04-17 15:26:03,817 - Epoch  87 Validation set [recall@5: 0.0567 recall@10: 0.0926 recall@20: 0.1445 ] [ndcg@5: 0.0637 ndcg@10: 0.0751 ndcg@20: 0.0927 ] 
2025-04-17 15:26:06,413 - Epoch  90 Validation set [recall@5: 0.0572 recall@10: 0.0931 recall@20: 0.1441 ] [ndcg@5: 0.0638 ndcg@10: 0.0753 ndcg@20: 0.0925 ] 
2025-04-17 15:26:09,102 - Epoch  93 Validation set [recall@5: 0.0566 recall@10: 0.0921 recall@20: 0.1452 ] [ndcg@5: 0.0636 ndcg@10: 0.0749 ndcg@20: 0.0928 ] 
2025-04-17 15:26:11,797 - Epoch  96 Validation set [recall@5: 0.0569 recall@10: 0.0926 recall@20: 0.1451 ] [ndcg@5: 0.0637 ndcg@10: 0.0751 ndcg@20: 0.0930 ] 
2025-04-17 15:26:14,527 - Epoch  99 Validation set [recall@5: 0.0569 recall@10: 0.0924 recall@20: 0.1462 ] [ndcg@5: 0.0638 ndcg@10: 0.0751 ndcg@20: 0.0934 ] 
2025-04-17 15:26:17,207 - Epoch 102 Validation set [recall@5: 0.0571 recall@10: 0.0934 recall@20: 0.1452 ] [ndcg@5: 0.0639 ndcg@10: 0.0757 ndcg@20: 0.0932 ] 
2025-04-17 15:26:19,813 - Epoch 105 Validation set [recall@5: 0.0572 recall@10: 0.0935 recall@20: 0.1458 ] [ndcg@5: 0.0643 ndcg@10: 0.0760 ndcg@20: 0.0936 ] 
2025-04-17 15:26:22,487 - Epoch 108 Validation set [recall@5: 0.0576 recall@10: 0.0936 recall@20: 0.1466 ] [ndcg@5: 0.0646 ndcg@10: 0.0761 ndcg@20: 0.0941 ] 
2025-04-17 15:26:25,121 - Epoch 111 Validation set [recall@5: 0.0572 recall@10: 0.0936 recall@20: 0.1473 ] [ndcg@5: 0.0643 ndcg@10: 0.0759 ndcg@20: 0.0941 ] 
2025-04-17 15:26:27,819 - Epoch 114 Validation set [recall@5: 0.0569 recall@10: 0.0928 recall@20: 0.1450 ] [ndcg@5: 0.0642 ndcg@10: 0.0756 ndcg@20: 0.0932 ] 
2025-04-17 15:26:30,532 - Epoch 117 Validation set [recall@5: 0.0577 recall@10: 0.0934 recall@20: 0.1467 ] [ndcg@5: 0.0643 ndcg@10: 0.0757 ndcg@20: 0.0938 ] 
2025-04-17 15:26:33,243 - Epoch 120 Validation set [recall@5: 0.0575 recall@10: 0.0938 recall@20: 0.1466 ] [ndcg@5: 0.0649 ndcg@10: 0.0763 ndcg@20: 0.0941 ] 
2025-04-17 15:26:36,002 - Epoch 123 Validation set [recall@5: 0.0580 recall@10: 0.0947 recall@20: 0.1478 ] [ndcg@5: 0.0650 ndcg@10: 0.0768 ndcg@20: 0.0948 ] 
2025-04-17 15:26:38,724 - Epoch 126 Validation set [recall@5: 0.0577 recall@10: 0.0941 recall@20: 0.1471 ] [ndcg@5: 0.0645 ndcg@10: 0.0760 ndcg@20: 0.0940 ] 
2025-04-17 15:26:41,475 - Epoch 129 Validation set [recall@5: 0.0584 recall@10: 0.0941 recall@20: 0.1478 ] [ndcg@5: 0.0653 ndcg@10: 0.0766 ndcg@20: 0.0948 ] 
2025-04-17 15:26:44,131 - Epoch 132 Validation set [recall@5: 0.0573 recall@10: 0.0936 recall@20: 0.1466 ] [ndcg@5: 0.0645 ndcg@10: 0.0760 ndcg@20: 0.0940 ] 
2025-04-17 15:26:46,770 - Epoch 135 Validation set [recall@5: 0.0582 recall@10: 0.0947 recall@20: 0.1476 ] [ndcg@5: 0.0648 ndcg@10: 0.0766 ndcg@20: 0.0944 ] 
2025-04-17 15:26:49,446 - Epoch 138 Validation set [recall@5: 0.0573 recall@10: 0.0940 recall@20: 0.1472 ] [ndcg@5: 0.0645 ndcg@10: 0.0763 ndcg@20: 0.0944 ] 
2025-04-17 15:26:52,122 - Epoch 141 Validation set [recall@5: 0.0585 recall@10: 0.0941 recall@20: 0.1475 ] [ndcg@5: 0.0653 ndcg@10: 0.0765 ndcg@20: 0.0945 ] 
2025-04-17 15:26:54,780 - Epoch 144 Validation set [recall@5: 0.0582 recall@10: 0.0946 recall@20: 0.1481 ] [ndcg@5: 0.0654 ndcg@10: 0.0768 ndcg@20: 0.0949 ] 
2025-04-17 15:26:57,467 - Epoch 147 Validation set [recall@5: 0.0584 recall@10: 0.0948 recall@20: 0.1473 ] [ndcg@5: 0.0656 ndcg@10: 0.0771 ndcg@20: 0.0948 ] 
2025-04-17 15:27:00,021 - Epoch 150 Validation set [recall@5: 0.0585 recall@10: 0.0948 recall@20: 0.1478 ] [ndcg@5: 0.0652 ndcg@10: 0.0770 ndcg@20: 0.0948 ] 
2025-04-17 15:27:02,642 - Epoch 153 Validation set [recall@5: 0.0582 recall@10: 0.0952 recall@20: 0.1479 ] [ndcg@5: 0.0655 ndcg@10: 0.0774 ndcg@20: 0.0952 ] 
2025-04-17 15:27:05,208 - Epoch 156 Validation set [recall@5: 0.0587 recall@10: 0.0956 recall@20: 0.1491 ] [ndcg@5: 0.0658 ndcg@10: 0.0775 ndcg@20: 0.0957 ] 
2025-04-17 15:27:07,775 - Epoch 159 Validation set [recall@5: 0.0586 recall@10: 0.0944 recall@20: 0.1493 ] [ndcg@5: 0.0657 ndcg@10: 0.0770 ndcg@20: 0.0956 ] 
2025-04-17 15:27:10,312 - Epoch 162 Validation set [recall@5: 0.0580 recall@10: 0.0947 recall@20: 0.1475 ] [ndcg@5: 0.0654 ndcg@10: 0.0771 ndcg@20: 0.0949 ] 
2025-04-17 15:27:12,986 - Epoch 165 Validation set [recall@5: 0.0585 recall@10: 0.0953 recall@20: 0.1486 ] [ndcg@5: 0.0658 ndcg@10: 0.0777 ndcg@20: 0.0957 ] 
2025-04-17 15:27:15,654 - Epoch 168 Validation set [recall@5: 0.0580 recall@10: 0.0948 recall@20: 0.1480 ] [ndcg@5: 0.0656 ndcg@10: 0.0772 ndcg@20: 0.0951 ] 
2025-04-17 15:27:18,336 - Epoch 171 Validation set [recall@5: 0.0580 recall@10: 0.0943 recall@20: 0.1476 ] [ndcg@5: 0.0650 ndcg@10: 0.0766 ndcg@20: 0.0947 ] 
2025-04-17 15:27:20,975 - Epoch 174 Validation set [recall@5: 0.0582 recall@10: 0.0963 recall@20: 0.1490 ] [ndcg@5: 0.0655 ndcg@10: 0.0778 ndcg@20: 0.0957 ] 
2025-04-17 15:27:23,505 - Epoch 177 Validation set [recall@5: 0.0586 recall@10: 0.0961 recall@20: 0.1492 ] [ndcg@5: 0.0656 ndcg@10: 0.0777 ndcg@20: 0.0957 ] 
2025-04-17 15:27:26,196 - Epoch 180 Validation set [recall@5: 0.0585 recall@10: 0.0947 recall@20: 0.1485 ] [ndcg@5: 0.0655 ndcg@10: 0.0770 ndcg@20: 0.0952 ] 
2025-04-17 15:27:28,732 - Epoch 183 Validation set [recall@5: 0.0588 recall@10: 0.0959 recall@20: 0.1483 ] [ndcg@5: 0.0658 ndcg@10: 0.0778 ndcg@20: 0.0955 ] 
2025-04-17 15:27:31,392 - Epoch 186 Validation set [recall@5: 0.0592 recall@10: 0.0954 recall@20: 0.1492 ] [ndcg@5: 0.0661 ndcg@10: 0.0776 ndcg@20: 0.0958 ] 
2025-04-17 15:27:33,959 - Epoch 189 Validation set [recall@5: 0.0589 recall@10: 0.0957 recall@20: 0.1480 ] [ndcg@5: 0.0657 ndcg@10: 0.0774 ndcg@20: 0.0953 ] 
2025-04-17 15:27:36,600 - Epoch 192 Validation set [recall@5: 0.0582 recall@10: 0.0955 recall@20: 0.1490 ] [ndcg@5: 0.0655 ndcg@10: 0.0774 ndcg@20: 0.0954 ] 
2025-04-17 15:27:39,291 - Epoch 195 Validation set [recall@5: 0.0587 recall@10: 0.0947 recall@20: 0.1479 ] [ndcg@5: 0.0659 ndcg@10: 0.0773 ndcg@20: 0.0955 ] 
2025-04-17 15:27:41,941 - Epoch 198 Validation set [recall@5: 0.0582 recall@10: 0.0952 recall@20: 0.1489 ] [ndcg@5: 0.0651 ndcg@10: 0.0772 ndcg@20: 0.0954 ] 
2025-04-17 15:27:44,599 - Epoch 201 Validation set [recall@5: 0.0582 recall@10: 0.0949 recall@20: 0.1498 ] [ndcg@5: 0.0659 ndcg@10: 0.0775 ndcg@20: 0.0959 ] 
2025-04-17 15:27:47,186 - Epoch 204 Validation set [recall@5: 0.0582 recall@10: 0.0960 recall@20: 0.1496 ] [ndcg@5: 0.0657 ndcg@10: 0.0777 ndcg@20: 0.0958 ] 
2025-04-17 15:27:49,831 - Epoch 207 Validation set [recall@5: 0.0592 recall@10: 0.0961 recall@20: 0.1496 ] [ndcg@5: 0.0664 ndcg@10: 0.0781 ndcg@20: 0.0962 ] 
2025-04-17 15:27:52,530 - Epoch 210 Validation set [recall@5: 0.0584 recall@10: 0.0964 recall@20: 0.1497 ] [ndcg@5: 0.0661 ndcg@10: 0.0781 ndcg@20: 0.0962 ] 
2025-04-17 15:27:55,163 - Epoch 213 Validation set [recall@5: 0.0587 recall@10: 0.0962 recall@20: 0.1501 ] [ndcg@5: 0.0659 ndcg@10: 0.0780 ndcg@20: 0.0961 ] 
2025-04-17 15:27:57,682 - Epoch 216 Validation set [recall@5: 0.0593 recall@10: 0.0960 recall@20: 0.1510 ] [ndcg@5: 0.0660 ndcg@10: 0.0779 ndcg@20: 0.0966 ] 
2025-04-17 15:28:00,347 - Epoch 219 Validation set [recall@5: 0.0590 recall@10: 0.0963 recall@20: 0.1497 ] [ndcg@5: 0.0665 ndcg@10: 0.0783 ndcg@20: 0.0963 ] 
2025-04-17 15:28:02,979 - Epoch 222 Validation set [recall@5: 0.0590 recall@10: 0.0960 recall@20: 0.1493 ] [ndcg@5: 0.0665 ndcg@10: 0.0782 ndcg@20: 0.0963 ] 
2025-04-17 15:28:05,654 - Epoch 225 Validation set [recall@5: 0.0589 recall@10: 0.0962 recall@20: 0.1489 ] [ndcg@5: 0.0659 ndcg@10: 0.0778 ndcg@20: 0.0957 ] 
2025-04-17 15:28:08,246 - Epoch 228 Validation set [recall@5: 0.0588 recall@10: 0.0951 recall@20: 0.1496 ] [ndcg@5: 0.0659 ndcg@10: 0.0775 ndcg@20: 0.0960 ] 
2025-04-17 15:28:10,838 - Epoch 231 Validation set [recall@5: 0.0587 recall@10: 0.0955 recall@20: 0.1493 ] [ndcg@5: 0.0663 ndcg@10: 0.0780 ndcg@20: 0.0961 ] 
2025-04-17 15:28:13,518 - Epoch 234 Validation set [recall@5: 0.0585 recall@10: 0.0948 recall@20: 0.1492 ] [ndcg@5: 0.0661 ndcg@10: 0.0776 ndcg@20: 0.0960 ] 
2025-04-17 15:28:16,149 - Epoch 237 Validation set [recall@5: 0.0595 recall@10: 0.0964 recall@20: 0.1501 ] [ndcg@5: 0.0666 ndcg@10: 0.0785 ndcg@20: 0.0966 ] 
2025-04-17 15:28:18,628 - Epoch 240 Validation set [recall@5: 0.0594 recall@10: 0.0954 recall@20: 0.1486 ] [ndcg@5: 0.0663 ndcg@10: 0.0778 ndcg@20: 0.0958 ] 
2025-04-17 15:28:21,229 - Epoch 243 Validation set [recall@5: 0.0593 recall@10: 0.0953 recall@20: 0.1497 ] [ndcg@5: 0.0666 ndcg@10: 0.0779 ndcg@20: 0.0962 ] 
2025-04-17 15:28:23,758 - Epoch 246 Validation set [recall@5: 0.0592 recall@10: 0.0953 recall@20: 0.1498 ] [ndcg@5: 0.0663 ndcg@10: 0.0778 ndcg@20: 0.0961 ] 
2025-04-17 15:28:26,286 - Epoch 249 Validation set [recall@5: 0.0593 recall@10: 0.0954 recall@20: 0.1496 ] [ndcg@5: 0.0662 ndcg@10: 0.0777 ndcg@20: 0.0959 ] 
2025-04-17 15:28:28,895 - Epoch 252 Validation set [recall@5: 0.0588 recall@10: 0.0964 recall@20: 0.1505 ] [ndcg@5: 0.0664 ndcg@10: 0.0785 ndcg@20: 0.0967 ] 
2025-04-17 15:28:31,494 - Epoch 255 Validation set [recall@5: 0.0588 recall@10: 0.0947 recall@20: 0.1498 ] [ndcg@5: 0.0659 ndcg@10: 0.0774 ndcg@20: 0.0959 ] 
2025-04-17 15:28:34,138 - Epoch 258 Validation set [recall@5: 0.0597 recall@10: 0.0964 recall@20: 0.1491 ] [ndcg@5: 0.0668 ndcg@10: 0.0784 ndcg@20: 0.0963 ] 
2025-04-17 15:28:36,731 - Epoch 261 Validation set [recall@5: 0.0589 recall@10: 0.0955 recall@20: 0.1491 ] [ndcg@5: 0.0658 ndcg@10: 0.0775 ndcg@20: 0.0957 ] 
2025-04-17 15:28:39,218 - Epoch 264 Validation set [recall@5: 0.0585 recall@10: 0.0952 recall@20: 0.1490 ] [ndcg@5: 0.0657 ndcg@10: 0.0775 ndcg@20: 0.0958 ] 
2025-04-17 15:28:41,778 - Epoch 267 Validation set [recall@5: 0.0594 recall@10: 0.0959 recall@20: 0.1499 ] [ndcg@5: 0.0662 ndcg@10: 0.0780 ndcg@20: 0.0962 ] 
2025-04-17 15:28:44,293 - Epoch 270 Validation set [recall@5: 0.0594 recall@10: 0.0960 recall@20: 0.1501 ] [ndcg@5: 0.0657 ndcg@10: 0.0776 ndcg@20: 0.0960 ] 
2025-04-17 15:28:46,955 - Epoch 273 Validation set [recall@5: 0.0590 recall@10: 0.0960 recall@20: 0.1500 ] [ndcg@5: 0.0663 ndcg@10: 0.0780 ndcg@20: 0.0962 ] 
2025-04-17 15:28:49,582 - Epoch 276 Validation set [recall@5: 0.0593 recall@10: 0.0959 recall@20: 0.1503 ] [ndcg@5: 0.0662 ndcg@10: 0.0779 ndcg@20: 0.0962 ] 
2025-04-17 15:28:51,368 - [recall@5: 0.0593 recall@10: 0.0960 recall@20: 0.1510 ] [ndcg@5: 0.0660 ndcg@10: 0.0779 ndcg@20: 0.0966 ] 
2025-04-17 15:28:53,372 - [recall@5: 0.0578 recall@10: 0.0937 recall@20: 0.1486 ] [ndcg@5: 0.0633 ndcg@10: 0.0753 ndcg@20: 0.0941 ] 
2025-04-17 15:28:53,372 - Best Epoch 216. Final test result: {'recall': array([0.05781966, 0.09373446, 0.14862993]), 'ndcg': array([0.06329182, 0.07534663, 0.09405453])}.
