2025-04-17 15:30:38,140 - {'optimizer': {'name': 'adam', 'lr': 0.001, 'weight_decay': 0}, 'train': {'epoch': 1000, 'batch_size': 1024, 'save_model': False, 'loss': 'pairwise', 'test_step': 3, 'reproducible': True, 'seed': 2024, 'patience': 20}, 'test': {'metrics': ['recall', 'ndcg'], 'k': [5, 10, 20], 'batch_size': 1024}, 'data': {'type': 'general_cf', 'name': 'yelp', 'user_num': 11091, 'item_num': 11010}, 'model': {'name': 'mult_vae_cpdm', 'beta': 0.9, 'embedding_size': 32, 'dropout': 0.2, 'reg_weight': 1e-06, 'amazon': {'dropout': 0.3, 'reg_weight': 1e-06}, 'yelp': {'dropout': 0.3, 'reg_weight': 1e-06}, 'steam': {'dropout': 0.2, 'reg_weight': 1e-06}}}
2025-04-17 15:30:40,298 - Epoch   0 Validation set [recall@5: 0.0053 recall@10: 0.0090 recall@20: 0.0133 ] [ndcg@5: 0.0064 ndcg@10: 0.0077 ndcg@20: 0.0091 ] 
2025-04-17 15:30:42,282 - Epoch   3 Validation set [recall@5: 0.0100 recall@10: 0.0173 recall@20: 0.0283 ] [ndcg@5: 0.0141 ndcg@10: 0.0159 ndcg@20: 0.0192 ] 
2025-04-17 15:30:44,314 - Epoch   6 Validation set [recall@5: 0.0295 recall@10: 0.0487 recall@20: 0.0793 ] [ndcg@5: 0.0358 ndcg@10: 0.0413 ndcg@20: 0.0513 ] 
2025-04-17 15:30:46,283 - Epoch   9 Validation set [recall@5: 0.0324 recall@10: 0.0548 recall@20: 0.0875 ] [ndcg@5: 0.0386 ndcg@10: 0.0455 ndcg@20: 0.0565 ] 
2025-04-17 15:30:48,219 - Epoch  12 Validation set [recall@5: 0.0320 recall@10: 0.0559 recall@20: 0.0907 ] [ndcg@5: 0.0391 ndcg@10: 0.0466 ndcg@20: 0.0583 ] 
2025-04-17 15:30:50,221 - Epoch  15 Validation set [recall@5: 0.0339 recall@10: 0.0582 recall@20: 0.0951 ] [ndcg@5: 0.0411 ndcg@10: 0.0485 ndcg@20: 0.0608 ] 
2025-04-17 15:30:52,336 - Epoch  18 Validation set [recall@5: 0.0352 recall@10: 0.0593 recall@20: 0.0960 ] [ndcg@5: 0.0424 ndcg@10: 0.0498 ndcg@20: 0.0621 ] 
2025-04-17 15:30:54,420 - Epoch  21 Validation set [recall@5: 0.0360 recall@10: 0.0596 recall@20: 0.0973 ] [ndcg@5: 0.0436 ndcg@10: 0.0505 ndcg@20: 0.0631 ] 
2025-04-17 15:30:56,504 - Epoch  24 Validation set [recall@5: 0.0366 recall@10: 0.0605 recall@20: 0.0995 ] [ndcg@5: 0.0444 ndcg@10: 0.0514 ndcg@20: 0.0644 ] 
2025-04-17 15:30:58,581 - Epoch  27 Validation set [recall@5: 0.0381 recall@10: 0.0626 recall@20: 0.1027 ] [ndcg@5: 0.0455 ndcg@10: 0.0528 ndcg@20: 0.0662 ] 
2025-04-17 15:31:00,553 - Epoch  30 Validation set [recall@5: 0.0374 recall@10: 0.0624 recall@20: 0.1028 ] [ndcg@5: 0.0448 ndcg@10: 0.0523 ndcg@20: 0.0659 ] 
2025-04-17 15:31:02,737 - Epoch  33 Validation set [recall@5: 0.0387 recall@10: 0.0643 recall@20: 0.1053 ] [ndcg@5: 0.0471 ndcg@10: 0.0543 ndcg@20: 0.0680 ] 
2025-04-17 15:31:04,845 - Epoch  36 Validation set [recall@5: 0.0387 recall@10: 0.0653 recall@20: 0.1071 ] [ndcg@5: 0.0469 ndcg@10: 0.0549 ndcg@20: 0.0688 ] 
2025-04-17 15:31:06,922 - Epoch  39 Validation set [recall@5: 0.0385 recall@10: 0.0657 recall@20: 0.1065 ] [ndcg@5: 0.0466 ndcg@10: 0.0547 ndcg@20: 0.0686 ] 
2025-04-17 15:31:08,910 - Epoch  42 Validation set [recall@5: 0.0398 recall@10: 0.0688 recall@20: 0.1094 ] [ndcg@5: 0.0486 ndcg@10: 0.0574 ndcg@20: 0.0709 ] 
2025-04-17 15:31:10,870 - Epoch  45 Validation set [recall@5: 0.0398 recall@10: 0.0680 recall@20: 0.1110 ] [ndcg@5: 0.0482 ndcg@10: 0.0567 ndcg@20: 0.0713 ] 
2025-04-17 15:31:12,796 - Epoch  48 Validation set [recall@5: 0.0408 recall@10: 0.0682 recall@20: 0.1123 ] [ndcg@5: 0.0493 ndcg@10: 0.0575 ndcg@20: 0.0724 ] 
2025-04-17 15:31:14,818 - Epoch  51 Validation set [recall@5: 0.0415 recall@10: 0.0686 recall@20: 0.1130 ] [ndcg@5: 0.0502 ndcg@10: 0.0581 ndcg@20: 0.0729 ] 
2025-04-17 15:31:16,933 - Epoch  54 Validation set [recall@5: 0.0406 recall@10: 0.0684 recall@20: 0.1136 ] [ndcg@5: 0.0500 ndcg@10: 0.0583 ndcg@20: 0.0734 ] 
2025-04-17 15:31:19,019 - Epoch  57 Validation set [recall@5: 0.0419 recall@10: 0.0696 recall@20: 0.1147 ] [ndcg@5: 0.0502 ndcg@10: 0.0587 ndcg@20: 0.0739 ] 
2025-04-17 15:31:21,295 - Epoch  60 Validation set [recall@5: 0.0414 recall@10: 0.0713 recall@20: 0.1161 ] [ndcg@5: 0.0494 ndcg@10: 0.0588 ndcg@20: 0.0742 ] 
2025-04-17 15:31:23,566 - Epoch  63 Validation set [recall@5: 0.0428 recall@10: 0.0705 recall@20: 0.1167 ] [ndcg@5: 0.0509 ndcg@10: 0.0594 ndcg@20: 0.0749 ] 
2025-04-17 15:31:25,688 - Epoch  66 Validation set [recall@5: 0.0423 recall@10: 0.0701 recall@20: 0.1160 ] [ndcg@5: 0.0508 ndcg@10: 0.0592 ndcg@20: 0.0747 ] 
2025-04-17 15:31:27,655 - Epoch  69 Validation set [recall@5: 0.0430 recall@10: 0.0715 recall@20: 0.1196 ] [ndcg@5: 0.0520 ndcg@10: 0.0605 ndcg@20: 0.0767 ] 
2025-04-17 15:31:29,637 - Epoch  72 Validation set [recall@5: 0.0437 recall@10: 0.0731 recall@20: 0.1211 ] [ndcg@5: 0.0513 ndcg@10: 0.0605 ndcg@20: 0.0769 ] 
2025-04-17 15:31:31,630 - Epoch  75 Validation set [recall@5: 0.0431 recall@10: 0.0734 recall@20: 0.1213 ] [ndcg@5: 0.0516 ndcg@10: 0.0612 ndcg@20: 0.0774 ] 
2025-04-17 15:31:33,696 - Epoch  78 Validation set [recall@5: 0.0433 recall@10: 0.0736 recall@20: 0.1210 ] [ndcg@5: 0.0515 ndcg@10: 0.0610 ndcg@20: 0.0770 ] 
2025-04-17 15:31:35,668 - Epoch  81 Validation set [recall@5: 0.0443 recall@10: 0.0723 recall@20: 0.1217 ] [ndcg@5: 0.0522 ndcg@10: 0.0605 ndcg@20: 0.0772 ] 
2025-04-17 15:31:37,596 - Epoch  84 Validation set [recall@5: 0.0437 recall@10: 0.0735 recall@20: 0.1199 ] [ndcg@5: 0.0512 ndcg@10: 0.0607 ndcg@20: 0.0765 ] 
2025-04-17 15:31:39,644 - Epoch  87 Validation set [recall@5: 0.0446 recall@10: 0.0739 recall@20: 0.1220 ] [ndcg@5: 0.0526 ndcg@10: 0.0616 ndcg@20: 0.0778 ] 
2025-04-17 15:31:41,659 - Epoch  90 Validation set [recall@5: 0.0436 recall@10: 0.0744 recall@20: 0.1240 ] [ndcg@5: 0.0511 ndcg@10: 0.0608 ndcg@20: 0.0775 ] 
2025-04-17 15:31:43,604 - Epoch  93 Validation set [recall@5: 0.0429 recall@10: 0.0735 recall@20: 0.1226 ] [ndcg@5: 0.0512 ndcg@10: 0.0610 ndcg@20: 0.0777 ] 
2025-04-17 15:31:45,549 - Epoch  96 Validation set [recall@5: 0.0449 recall@10: 0.0749 recall@20: 0.1224 ] [ndcg@5: 0.0528 ndcg@10: 0.0619 ndcg@20: 0.0783 ] 
2025-04-17 15:31:47,508 - Epoch  99 Validation set [recall@5: 0.0432 recall@10: 0.0746 recall@20: 0.1241 ] [ndcg@5: 0.0511 ndcg@10: 0.0613 ndcg@20: 0.0781 ] 
2025-04-17 15:31:49,476 - Epoch 102 Validation set [recall@5: 0.0449 recall@10: 0.0752 recall@20: 0.1238 ] [ndcg@5: 0.0527 ndcg@10: 0.0622 ndcg@20: 0.0785 ] 
2025-04-17 15:31:51,432 - Epoch 105 Validation set [recall@5: 0.0428 recall@10: 0.0731 recall@20: 0.1234 ] [ndcg@5: 0.0517 ndcg@10: 0.0612 ndcg@20: 0.0782 ] 
2025-04-17 15:31:53,534 - Epoch 108 Validation set [recall@5: 0.0440 recall@10: 0.0755 recall@20: 0.1249 ] [ndcg@5: 0.0522 ndcg@10: 0.0623 ndcg@20: 0.0790 ] 
2025-04-17 15:31:55,499 - Epoch 111 Validation set [recall@5: 0.0447 recall@10: 0.0757 recall@20: 0.1274 ] [ndcg@5: 0.0529 ndcg@10: 0.0624 ndcg@20: 0.0797 ] 
2025-04-17 15:31:57,420 - Epoch 114 Validation set [recall@5: 0.0439 recall@10: 0.0757 recall@20: 0.1259 ] [ndcg@5: 0.0522 ndcg@10: 0.0624 ndcg@20: 0.0794 ] 
2025-04-17 15:31:59,369 - Epoch 117 Validation set [recall@5: 0.0444 recall@10: 0.0744 recall@20: 0.1246 ] [ndcg@5: 0.0516 ndcg@10: 0.0610 ndcg@20: 0.0779 ] 
2025-04-17 15:32:01,374 - Epoch 120 Validation set [recall@5: 0.0442 recall@10: 0.0753 recall@20: 0.1267 ] [ndcg@5: 0.0515 ndcg@10: 0.0616 ndcg@20: 0.0789 ] 
2025-04-17 15:32:03,346 - Epoch 123 Validation set [recall@5: 0.0450 recall@10: 0.0759 recall@20: 0.1254 ] [ndcg@5: 0.0523 ndcg@10: 0.0620 ndcg@20: 0.0788 ] 
2025-04-17 15:32:05,319 - Epoch 126 Validation set [recall@5: 0.0460 recall@10: 0.0774 recall@20: 0.1258 ] [ndcg@5: 0.0530 ndcg@10: 0.0628 ndcg@20: 0.0794 ] 
2025-04-17 15:32:07,257 - Epoch 129 Validation set [recall@5: 0.0462 recall@10: 0.0758 recall@20: 0.1268 ] [ndcg@5: 0.0531 ndcg@10: 0.0625 ndcg@20: 0.0797 ] 
2025-04-17 15:32:09,219 - Epoch 132 Validation set [recall@5: 0.0445 recall@10: 0.0762 recall@20: 0.1255 ] [ndcg@5: 0.0521 ndcg@10: 0.0620 ndcg@20: 0.0789 ] 
2025-04-17 15:32:11,233 - Epoch 135 Validation set [recall@5: 0.0446 recall@10: 0.0757 recall@20: 0.1275 ] [ndcg@5: 0.0522 ndcg@10: 0.0620 ndcg@20: 0.0796 ] 
2025-04-17 15:32:13,206 - Epoch 138 Validation set [recall@5: 0.0453 recall@10: 0.0759 recall@20: 0.1255 ] [ndcg@5: 0.0520 ndcg@10: 0.0617 ndcg@20: 0.0788 ] 
2025-04-17 15:32:15,145 - Epoch 141 Validation set [recall@5: 0.0456 recall@10: 0.0759 recall@20: 0.1260 ] [ndcg@5: 0.0529 ndcg@10: 0.0626 ndcg@20: 0.0797 ] 
2025-04-17 15:32:17,141 - Epoch 144 Validation set [recall@5: 0.0455 recall@10: 0.0769 recall@20: 0.1266 ] [ndcg@5: 0.0529 ndcg@10: 0.0627 ndcg@20: 0.0796 ] 
2025-04-17 15:32:19,091 - Epoch 147 Validation set [recall@5: 0.0450 recall@10: 0.0770 recall@20: 0.1254 ] [ndcg@5: 0.0513 ndcg@10: 0.0616 ndcg@20: 0.0781 ] 
2025-04-17 15:32:21,008 - Epoch 150 Validation set [recall@5: 0.0463 recall@10: 0.0764 recall@20: 0.1275 ] [ndcg@5: 0.0525 ndcg@10: 0.0622 ndcg@20: 0.0797 ] 
2025-04-17 15:32:22,972 - Epoch 153 Validation set [recall@5: 0.0454 recall@10: 0.0767 recall@20: 0.1270 ] [ndcg@5: 0.0524 ndcg@10: 0.0622 ndcg@20: 0.0794 ] 
2025-04-17 15:32:24,918 - Epoch 156 Validation set [recall@5: 0.0466 recall@10: 0.0773 recall@20: 0.1264 ] [ndcg@5: 0.0531 ndcg@10: 0.0625 ndcg@20: 0.0795 ] 
2025-04-17 15:32:26,862 - Epoch 159 Validation set [recall@5: 0.0468 recall@10: 0.0772 recall@20: 0.1277 ] [ndcg@5: 0.0540 ndcg@10: 0.0634 ndcg@20: 0.0806 ] 
2025-04-17 15:32:28,864 - Epoch 162 Validation set [recall@5: 0.0473 recall@10: 0.0763 recall@20: 0.1258 ] [ndcg@5: 0.0537 ndcg@10: 0.0628 ndcg@20: 0.0796 ] 
2025-04-17 15:32:30,809 - Epoch 165 Validation set [recall@5: 0.0453 recall@10: 0.0774 recall@20: 0.1265 ] [ndcg@5: 0.0520 ndcg@10: 0.0623 ndcg@20: 0.0791 ] 
2025-04-17 15:32:32,785 - Epoch 168 Validation set [recall@5: 0.0451 recall@10: 0.0758 recall@20: 0.1258 ] [ndcg@5: 0.0516 ndcg@10: 0.0615 ndcg@20: 0.0785 ] 
2025-04-17 15:32:34,806 - Epoch 171 Validation set [recall@5: 0.0458 recall@10: 0.0770 recall@20: 0.1279 ] [ndcg@5: 0.0526 ndcg@10: 0.0624 ndcg@20: 0.0796 ] 
2025-04-17 15:32:36,751 - Epoch 174 Validation set [recall@5: 0.0444 recall@10: 0.0767 recall@20: 0.1262 ] [ndcg@5: 0.0515 ndcg@10: 0.0618 ndcg@20: 0.0786 ] 
2025-04-17 15:32:38,762 - Epoch 177 Validation set [recall@5: 0.0460 recall@10: 0.0781 recall@20: 0.1271 ] [ndcg@5: 0.0530 ndcg@10: 0.0632 ndcg@20: 0.0799 ] 
2025-04-17 15:32:40,771 - Epoch 180 Validation set [recall@5: 0.0458 recall@10: 0.0775 recall@20: 0.1270 ] [ndcg@5: 0.0522 ndcg@10: 0.0623 ndcg@20: 0.0791 ] 
2025-04-17 15:32:42,742 - Epoch 183 Validation set [recall@5: 0.0458 recall@10: 0.0770 recall@20: 0.1264 ] [ndcg@5: 0.0523 ndcg@10: 0.0620 ndcg@20: 0.0788 ] 
2025-04-17 15:32:44,744 - Epoch 186 Validation set [recall@5: 0.0460 recall@10: 0.0761 recall@20: 0.1272 ] [ndcg@5: 0.0521 ndcg@10: 0.0616 ndcg@20: 0.0790 ] 
2025-04-17 15:32:46,728 - Epoch 189 Validation set [recall@5: 0.0458 recall@10: 0.0776 recall@20: 0.1267 ] [ndcg@5: 0.0521 ndcg@10: 0.0625 ndcg@20: 0.0792 ] 
2025-04-17 15:32:48,816 - Epoch 192 Validation set [recall@5: 0.0443 recall@10: 0.0751 recall@20: 0.1243 ] [ndcg@5: 0.0511 ndcg@10: 0.0608 ndcg@20: 0.0778 ] 
2025-04-17 15:32:50,817 - Epoch 195 Validation set [recall@5: 0.0454 recall@10: 0.0760 recall@20: 0.1265 ] [ndcg@5: 0.0520 ndcg@10: 0.0618 ndcg@20: 0.0792 ] 
2025-04-17 15:32:52,773 - Epoch 198 Validation set [recall@5: 0.0451 recall@10: 0.0761 recall@20: 0.1250 ] [ndcg@5: 0.0520 ndcg@10: 0.0618 ndcg@20: 0.0784 ] 
2025-04-17 15:32:54,793 - Epoch 201 Validation set [recall@5: 0.0456 recall@10: 0.0756 recall@20: 0.1255 ] [ndcg@5: 0.0525 ndcg@10: 0.0618 ndcg@20: 0.0790 ] 
2025-04-17 15:32:56,789 - Epoch 204 Validation set [recall@5: 0.0457 recall@10: 0.0762 recall@20: 0.1244 ] [ndcg@5: 0.0515 ndcg@10: 0.0613 ndcg@20: 0.0777 ] 
2025-04-17 15:32:58,742 - Epoch 207 Validation set [recall@5: 0.0445 recall@10: 0.0762 recall@20: 0.1258 ] [ndcg@5: 0.0509 ndcg@10: 0.0611 ndcg@20: 0.0780 ] 
2025-04-17 15:33:00,711 - Epoch 210 Validation set [recall@5: 0.0433 recall@10: 0.0761 recall@20: 0.1237 ] [ndcg@5: 0.0503 ndcg@10: 0.0612 ndcg@20: 0.0775 ] 
2025-04-17 15:33:02,670 - Epoch 213 Validation set [recall@5: 0.0446 recall@10: 0.0757 recall@20: 0.1253 ] [ndcg@5: 0.0519 ndcg@10: 0.0615 ndcg@20: 0.0785 ] 
2025-04-17 15:33:04,671 - Epoch 216 Validation set [recall@5: 0.0455 recall@10: 0.0754 recall@20: 0.1255 ] [ndcg@5: 0.0514 ndcg@10: 0.0610 ndcg@20: 0.0783 ] 
2025-04-17 15:33:06,636 - Epoch 219 Validation set [recall@5: 0.0443 recall@10: 0.0760 recall@20: 0.1238 ] [ndcg@5: 0.0506 ndcg@10: 0.0609 ndcg@20: 0.0772 ] 
2025-04-17 15:33:08,608 - Epoch 222 Validation set [recall@5: 0.0447 recall@10: 0.0761 recall@20: 0.1251 ] [ndcg@5: 0.0516 ndcg@10: 0.0615 ndcg@20: 0.0783 ] 
2025-04-17 15:33:10,608 - Epoch 225 Validation set [recall@5: 0.0435 recall@10: 0.0752 recall@20: 0.1234 ] [ndcg@5: 0.0504 ndcg@10: 0.0605 ndcg@20: 0.0772 ] 
2025-04-17 15:33:12,584 - Epoch 228 Validation set [recall@5: 0.0453 recall@10: 0.0754 recall@20: 0.1241 ] [ndcg@5: 0.0520 ndcg@10: 0.0614 ndcg@20: 0.0780 ] 
2025-04-17 15:33:14,624 - Epoch 231 Validation set [recall@5: 0.0448 recall@10: 0.0753 recall@20: 0.1247 ] [ndcg@5: 0.0516 ndcg@10: 0.0613 ndcg@20: 0.0783 ] 
2025-04-17 15:33:15,948 - [recall@5: 0.0458 recall@10: 0.0770 recall@20: 0.1279 ] [ndcg@5: 0.0526 ndcg@10: 0.0624 ndcg@20: 0.0796 ] 
2025-04-17 15:33:17,248 - [recall@5: 0.0459 recall@10: 0.0775 recall@20: 0.1257 ] [ndcg@5: 0.0527 ndcg@10: 0.0628 ndcg@20: 0.0794 ] 
2025-04-17 15:33:17,249 - Best Epoch 171. Final test result: {'recall': array([0.04592355, 0.07750341, 0.12571823]), 'ndcg': array([0.05266981, 0.06277522, 0.07944897])}.
