2025-04-17 14:46:50,287 - {'optimizer': {'name': 'adam', 'lr': 0.001, 'weight_decay': 0}, 'train': {'epoch': 1000, 'batch_size': 1024, 'save_model': False, 'loss': 'pairwise', 'test_step': 3, 'reproducible': True, 'seed': 2024, 'patience': 20}, 'test': {'metrics': ['recall', 'ndcg'], 'k': [5, 10, 20], 'batch_size': 1024}, 'data': {'type': 'general_cf', 'name': 'amazon', 'user_num': 11000, 'item_num': 9332}, 'model': {'name': 'mult_vae_godm', 'beta': 0.4, 'embedding_size': 32, 'dropout': 0.2, 'reg_weight': 1e-06, 'amazon': {'dropout': 0.3, 'reg_weight': 1e-06}, 'yelp': {'dropout': 0.3, 'reg_weight': 1e-06}, 'steam': {'dropout': 0.2, 'reg_weight': 1e-06}}}
2025-04-17 14:46:52,211 - Epoch   0 Validation set [recall@5: 0.0041 recall@10: 0.0072 recall@20: 0.0140 ] [ndcg@5: 0.0046 ndcg@10: 0.0056 ndcg@20: 0.0079 ] 
2025-04-17 14:46:53,900 - Epoch   3 Validation set [recall@5: 0.0097 recall@10: 0.0183 recall@20: 0.0299 ] [ndcg@5: 0.0119 ndcg@10: 0.0145 ndcg@20: 0.0182 ] 
2025-04-17 14:46:55,584 - Epoch   6 Validation set [recall@5: 0.0188 recall@10: 0.0303 recall@20: 0.0511 ] [ndcg@5: 0.0206 ndcg@10: 0.0242 ndcg@20: 0.0310 ] 
2025-04-17 14:46:57,242 - Epoch   9 Validation set [recall@5: 0.0237 recall@10: 0.0383 recall@20: 0.0629 ] [ndcg@5: 0.0259 ndcg@10: 0.0305 ndcg@20: 0.0383 ] 
2025-04-17 14:46:58,855 - Epoch  12 Validation set [recall@5: 0.0305 recall@10: 0.0495 recall@20: 0.0765 ] [ndcg@5: 0.0329 ndcg@10: 0.0387 ndcg@20: 0.0474 ] 
2025-04-17 14:47:00,487 - Epoch  15 Validation set [recall@5: 0.0340 recall@10: 0.0557 recall@20: 0.0880 ] [ndcg@5: 0.0356 ndcg@10: 0.0428 ndcg@20: 0.0534 ] 
2025-04-17 14:47:02,179 - Epoch  18 Validation set [recall@5: 0.0384 recall@10: 0.0609 recall@20: 0.0935 ] [ndcg@5: 0.0398 ndcg@10: 0.0473 ndcg@20: 0.0579 ] 
2025-04-17 14:47:03,777 - Epoch  21 Validation set [recall@5: 0.0397 recall@10: 0.0647 recall@20: 0.1021 ] [ndcg@5: 0.0416 ndcg@10: 0.0498 ndcg@20: 0.0621 ] 
2025-04-17 14:47:05,411 - Epoch  24 Validation set [recall@5: 0.0415 recall@10: 0.0687 recall@20: 0.1062 ] [ndcg@5: 0.0432 ndcg@10: 0.0526 ndcg@20: 0.0647 ] 
2025-04-17 14:47:07,051 - Epoch  27 Validation set [recall@5: 0.0434 recall@10: 0.0712 recall@20: 0.1101 ] [ndcg@5: 0.0453 ndcg@10: 0.0545 ndcg@20: 0.0673 ] 
2025-04-17 14:47:08,670 - Epoch  30 Validation set [recall@5: 0.0428 recall@10: 0.0711 recall@20: 0.1111 ] [ndcg@5: 0.0453 ndcg@10: 0.0548 ndcg@20: 0.0680 ] 
2025-04-17 14:47:10,319 - Epoch  33 Validation set [recall@5: 0.0462 recall@10: 0.0762 recall@20: 0.1170 ] [ndcg@5: 0.0471 ndcg@10: 0.0574 ndcg@20: 0.0711 ] 
2025-04-17 14:47:11,961 - Epoch  36 Validation set [recall@5: 0.0472 recall@10: 0.0777 recall@20: 0.1203 ] [ndcg@5: 0.0486 ndcg@10: 0.0592 ndcg@20: 0.0732 ] 
2025-04-17 14:47:13,583 - Epoch  39 Validation set [recall@5: 0.0509 recall@10: 0.0809 recall@20: 0.1241 ] [ndcg@5: 0.0527 ndcg@10: 0.0625 ndcg@20: 0.0767 ] 
2025-04-17 14:47:15,233 - Epoch  42 Validation set [recall@5: 0.0505 recall@10: 0.0816 recall@20: 0.1260 ] [ndcg@5: 0.0518 ndcg@10: 0.0625 ndcg@20: 0.0769 ] 
2025-04-17 14:47:16,836 - Epoch  45 Validation set [recall@5: 0.0507 recall@10: 0.0826 recall@20: 0.1253 ] [ndcg@5: 0.0515 ndcg@10: 0.0627 ndcg@20: 0.0767 ] 
2025-04-17 14:47:18,455 - Epoch  48 Validation set [recall@5: 0.0541 recall@10: 0.0844 recall@20: 0.1303 ] [ndcg@5: 0.0554 ndcg@10: 0.0653 ndcg@20: 0.0804 ] 
2025-04-17 14:47:20,124 - Epoch  51 Validation set [recall@5: 0.0537 recall@10: 0.0857 recall@20: 0.1314 ] [ndcg@5: 0.0543 ndcg@10: 0.0655 ndcg@20: 0.0806 ] 
2025-04-17 14:47:21,764 - Epoch  54 Validation set [recall@5: 0.0543 recall@10: 0.0860 recall@20: 0.1307 ] [ndcg@5: 0.0550 ndcg@10: 0.0656 ndcg@20: 0.0806 ] 
2025-04-17 14:47:23,456 - Epoch  57 Validation set [recall@5: 0.0557 recall@10: 0.0903 recall@20: 0.1374 ] [ndcg@5: 0.0562 ndcg@10: 0.0680 ndcg@20: 0.0835 ] 
2025-04-17 14:47:25,127 - Epoch  60 Validation set [recall@5: 0.0563 recall@10: 0.0909 recall@20: 0.1371 ] [ndcg@5: 0.0572 ndcg@10: 0.0692 ndcg@20: 0.0846 ] 
2025-04-17 14:47:26,760 - Epoch  63 Validation set [recall@5: 0.0573 recall@10: 0.0902 recall@20: 0.1350 ] [ndcg@5: 0.0580 ndcg@10: 0.0691 ndcg@20: 0.0838 ] 
2025-04-17 14:47:28,366 - Epoch  66 Validation set [recall@5: 0.0583 recall@10: 0.0908 recall@20: 0.1384 ] [ndcg@5: 0.0588 ndcg@10: 0.0701 ndcg@20: 0.0856 ] 
2025-04-17 14:47:29,994 - Epoch  69 Validation set [recall@5: 0.0593 recall@10: 0.0941 recall@20: 0.1409 ] [ndcg@5: 0.0597 ndcg@10: 0.0718 ndcg@20: 0.0872 ] 
2025-04-17 14:47:31,618 - Epoch  72 Validation set [recall@5: 0.0587 recall@10: 0.0933 recall@20: 0.1410 ] [ndcg@5: 0.0596 ndcg@10: 0.0713 ndcg@20: 0.0870 ] 
2025-04-17 14:47:33,255 - Epoch  75 Validation set [recall@5: 0.0599 recall@10: 0.0942 recall@20: 0.1439 ] [ndcg@5: 0.0606 ndcg@10: 0.0722 ndcg@20: 0.0887 ] 
2025-04-17 14:47:34,923 - Epoch  78 Validation set [recall@5: 0.0610 recall@10: 0.0957 recall@20: 0.1440 ] [ndcg@5: 0.0610 ndcg@10: 0.0729 ndcg@20: 0.0886 ] 
2025-04-17 14:47:36,571 - Epoch  81 Validation set [recall@5: 0.0622 recall@10: 0.0965 recall@20: 0.1455 ] [ndcg@5: 0.0619 ndcg@10: 0.0736 ndcg@20: 0.0898 ] 
2025-04-17 14:47:38,206 - Epoch  84 Validation set [recall@5: 0.0618 recall@10: 0.0964 recall@20: 0.1460 ] [ndcg@5: 0.0626 ndcg@10: 0.0743 ndcg@20: 0.0906 ] 
2025-04-17 14:47:39,851 - Epoch  87 Validation set [recall@5: 0.0621 recall@10: 0.0965 recall@20: 0.1463 ] [ndcg@5: 0.0625 ndcg@10: 0.0745 ndcg@20: 0.0911 ] 
2025-04-17 14:47:41,482 - Epoch  90 Validation set [recall@5: 0.0617 recall@10: 0.0969 recall@20: 0.1484 ] [ndcg@5: 0.0631 ndcg@10: 0.0752 ndcg@20: 0.0923 ] 
2025-04-17 14:47:43,078 - Epoch  93 Validation set [recall@5: 0.0641 recall@10: 0.0985 recall@20: 0.1472 ] [ndcg@5: 0.0644 ndcg@10: 0.0759 ndcg@20: 0.0921 ] 
2025-04-17 14:47:44,752 - Epoch  96 Validation set [recall@5: 0.0640 recall@10: 0.0989 recall@20: 0.1507 ] [ndcg@5: 0.0641 ndcg@10: 0.0759 ndcg@20: 0.0931 ] 
2025-04-17 14:47:46,369 - Epoch  99 Validation set [recall@5: 0.0624 recall@10: 0.1000 recall@20: 0.1479 ] [ndcg@5: 0.0629 ndcg@10: 0.0760 ndcg@20: 0.0917 ] 
2025-04-17 14:47:47,985 - Epoch 102 Validation set [recall@5: 0.0641 recall@10: 0.1000 recall@20: 0.1512 ] [ndcg@5: 0.0643 ndcg@10: 0.0765 ndcg@20: 0.0935 ] 
2025-04-17 14:47:49,603 - Epoch 105 Validation set [recall@5: 0.0645 recall@10: 0.1006 recall@20: 0.1509 ] [ndcg@5: 0.0644 ndcg@10: 0.0767 ndcg@20: 0.0934 ] 
2025-04-17 14:47:51,252 - Epoch 108 Validation set [recall@5: 0.0629 recall@10: 0.1009 recall@20: 0.1505 ] [ndcg@5: 0.0632 ndcg@10: 0.0765 ndcg@20: 0.0929 ] 
2025-04-17 14:47:52,873 - Epoch 111 Validation set [recall@5: 0.0650 recall@10: 0.1009 recall@20: 0.1516 ] [ndcg@5: 0.0643 ndcg@10: 0.0767 ndcg@20: 0.0934 ] 
2025-04-17 14:47:54,503 - Epoch 114 Validation set [recall@5: 0.0655 recall@10: 0.1013 recall@20: 0.1515 ] [ndcg@5: 0.0650 ndcg@10: 0.0774 ndcg@20: 0.0938 ] 
2025-04-17 14:47:56,164 - Epoch 117 Validation set [recall@5: 0.0662 recall@10: 0.1012 recall@20: 0.1503 ] [ndcg@5: 0.0644 ndcg@10: 0.0768 ndcg@20: 0.0932 ] 
2025-04-17 14:47:57,801 - Epoch 120 Validation set [recall@5: 0.0669 recall@10: 0.1030 recall@20: 0.1516 ] [ndcg@5: 0.0654 ndcg@10: 0.0779 ndcg@20: 0.0941 ] 
2025-04-17 14:47:59,427 - Epoch 123 Validation set [recall@5: 0.0650 recall@10: 0.1018 recall@20: 0.1520 ] [ndcg@5: 0.0642 ndcg@10: 0.0772 ndcg@20: 0.0937 ] 
2025-04-17 14:48:01,066 - Epoch 126 Validation set [recall@5: 0.0675 recall@10: 0.1045 recall@20: 0.1521 ] [ndcg@5: 0.0657 ndcg@10: 0.0784 ndcg@20: 0.0942 ] 
2025-04-17 14:48:02,698 - Epoch 129 Validation set [recall@5: 0.0673 recall@10: 0.1032 recall@20: 0.1534 ] [ndcg@5: 0.0669 ndcg@10: 0.0790 ndcg@20: 0.0954 ] 
2025-04-17 14:48:04,332 - Epoch 132 Validation set [recall@5: 0.0663 recall@10: 0.1019 recall@20: 0.1513 ] [ndcg@5: 0.0658 ndcg@10: 0.0779 ndcg@20: 0.0942 ] 
2025-04-17 14:48:05,974 - Epoch 135 Validation set [recall@5: 0.0664 recall@10: 0.1028 recall@20: 0.1520 ] [ndcg@5: 0.0664 ndcg@10: 0.0789 ndcg@20: 0.0953 ] 
2025-04-17 14:48:07,594 - Epoch 138 Validation set [recall@5: 0.0679 recall@10: 0.1039 recall@20: 0.1540 ] [ndcg@5: 0.0669 ndcg@10: 0.0790 ndcg@20: 0.0955 ] 
2025-04-17 14:48:09,250 - Epoch 141 Validation set [recall@5: 0.0694 recall@10: 0.1033 recall@20: 0.1513 ] [ndcg@5: 0.0673 ndcg@10: 0.0787 ndcg@20: 0.0947 ] 
2025-04-17 14:48:10,866 - Epoch 144 Validation set [recall@5: 0.0692 recall@10: 0.1041 recall@20: 0.1537 ] [ndcg@5: 0.0678 ndcg@10: 0.0798 ndcg@20: 0.0960 ] 
2025-04-17 14:48:12,523 - Epoch 147 Validation set [recall@5: 0.0678 recall@10: 0.1042 recall@20: 0.1541 ] [ndcg@5: 0.0665 ndcg@10: 0.0790 ndcg@20: 0.0954 ] 
2025-04-17 14:48:14,146 - Epoch 150 Validation set [recall@5: 0.0673 recall@10: 0.1036 recall@20: 0.1527 ] [ndcg@5: 0.0664 ndcg@10: 0.0789 ndcg@20: 0.0949 ] 
2025-04-17 14:48:15,789 - Epoch 153 Validation set [recall@5: 0.0681 recall@10: 0.1043 recall@20: 0.1535 ] [ndcg@5: 0.0663 ndcg@10: 0.0788 ndcg@20: 0.0952 ] 
2025-04-17 14:48:17,402 - Epoch 156 Validation set [recall@5: 0.0682 recall@10: 0.1058 recall@20: 0.1542 ] [ndcg@5: 0.0665 ndcg@10: 0.0797 ndcg@20: 0.0958 ] 
2025-04-17 14:48:19,022 - Epoch 159 Validation set [recall@5: 0.0676 recall@10: 0.1025 recall@20: 0.1527 ] [ndcg@5: 0.0664 ndcg@10: 0.0782 ndcg@20: 0.0948 ] 
2025-04-17 14:48:20,636 - Epoch 162 Validation set [recall@5: 0.0683 recall@10: 0.1024 recall@20: 0.1527 ] [ndcg@5: 0.0665 ndcg@10: 0.0785 ndcg@20: 0.0951 ] 
2025-04-17 14:48:22,320 - Epoch 165 Validation set [recall@5: 0.0674 recall@10: 0.1028 recall@20: 0.1524 ] [ndcg@5: 0.0659 ndcg@10: 0.0779 ndcg@20: 0.0943 ] 
2025-04-17 14:48:23,968 - Epoch 168 Validation set [recall@5: 0.0690 recall@10: 0.1041 recall@20: 0.1537 ] [ndcg@5: 0.0671 ndcg@10: 0.0793 ndcg@20: 0.0958 ] 
2025-04-17 14:48:25,683 - Epoch 171 Validation set [recall@5: 0.0669 recall@10: 0.1030 recall@20: 0.1523 ] [ndcg@5: 0.0657 ndcg@10: 0.0783 ndcg@20: 0.0945 ] 
2025-04-17 14:48:27,329 - Epoch 174 Validation set [recall@5: 0.0696 recall@10: 0.1054 recall@20: 0.1534 ] [ndcg@5: 0.0676 ndcg@10: 0.0798 ndcg@20: 0.0957 ] 
2025-04-17 14:48:28,957 - Epoch 177 Validation set [recall@5: 0.0693 recall@10: 0.1038 recall@20: 0.1523 ] [ndcg@5: 0.0672 ndcg@10: 0.0790 ndcg@20: 0.0949 ] 
2025-04-17 14:48:30,572 - Epoch 180 Validation set [recall@5: 0.0704 recall@10: 0.1042 recall@20: 0.1542 ] [ndcg@5: 0.0675 ndcg@10: 0.0793 ndcg@20: 0.0958 ] 
2025-04-17 14:48:32,235 - Epoch 183 Validation set [recall@5: 0.0693 recall@10: 0.1057 recall@20: 0.1526 ] [ndcg@5: 0.0674 ndcg@10: 0.0800 ndcg@20: 0.0957 ] 
2025-04-17 14:48:33,911 - Epoch 186 Validation set [recall@5: 0.0678 recall@10: 0.1030 recall@20: 0.1548 ] [ndcg@5: 0.0660 ndcg@10: 0.0779 ndcg@20: 0.0950 ] 
2025-04-17 14:48:35,536 - Epoch 189 Validation set [recall@5: 0.0692 recall@10: 0.1045 recall@20: 0.1538 ] [ndcg@5: 0.0668 ndcg@10: 0.0790 ndcg@20: 0.0953 ] 
2025-04-17 14:48:37,159 - Epoch 192 Validation set [recall@5: 0.0675 recall@10: 0.1052 recall@20: 0.1553 ] [ndcg@5: 0.0656 ndcg@10: 0.0789 ndcg@20: 0.0955 ] 
2025-04-17 14:48:38,839 - Epoch 195 Validation set [recall@5: 0.0688 recall@10: 0.1035 recall@20: 0.1541 ] [ndcg@5: 0.0672 ndcg@10: 0.0790 ndcg@20: 0.0957 ] 
2025-04-17 14:48:40,465 - Epoch 198 Validation set [recall@5: 0.0679 recall@10: 0.1048 recall@20: 0.1534 ] [ndcg@5: 0.0652 ndcg@10: 0.0781 ndcg@20: 0.0942 ] 
2025-04-17 14:48:42,104 - Epoch 201 Validation set [recall@5: 0.0692 recall@10: 0.1043 recall@20: 0.1521 ] [ndcg@5: 0.0666 ndcg@10: 0.0789 ndcg@20: 0.0948 ] 
2025-04-17 14:48:43,719 - Epoch 204 Validation set [recall@5: 0.0689 recall@10: 0.1047 recall@20: 0.1545 ] [ndcg@5: 0.0672 ndcg@10: 0.0796 ndcg@20: 0.0957 ] 
2025-04-17 14:48:45,336 - Epoch 207 Validation set [recall@5: 0.0685 recall@10: 0.1046 recall@20: 0.1527 ] [ndcg@5: 0.0662 ndcg@10: 0.0790 ndcg@20: 0.0948 ] 
2025-04-17 14:48:47,003 - Epoch 210 Validation set [recall@5: 0.0692 recall@10: 0.1040 recall@20: 0.1520 ] [ndcg@5: 0.0660 ndcg@10: 0.0784 ndcg@20: 0.0942 ] 
2025-04-17 14:48:48,618 - Epoch 213 Validation set [recall@5: 0.0690 recall@10: 0.1048 recall@20: 0.1525 ] [ndcg@5: 0.0669 ndcg@10: 0.0794 ndcg@20: 0.0952 ] 
2025-04-17 14:48:50,229 - Epoch 216 Validation set [recall@5: 0.0684 recall@10: 0.1047 recall@20: 0.1533 ] [ndcg@5: 0.0657 ndcg@10: 0.0785 ndcg@20: 0.0946 ] 
2025-04-17 14:48:51,861 - Epoch 219 Validation set [recall@5: 0.0691 recall@10: 0.1035 recall@20: 0.1515 ] [ndcg@5: 0.0663 ndcg@10: 0.0783 ndcg@20: 0.0943 ] 
2025-04-17 14:48:53,475 - Epoch 222 Validation set [recall@5: 0.0677 recall@10: 0.1036 recall@20: 0.1537 ] [ndcg@5: 0.0657 ndcg@10: 0.0784 ndcg@20: 0.0948 ] 
2025-04-17 14:48:55,142 - Epoch 225 Validation set [recall@5: 0.0669 recall@10: 0.1014 recall@20: 0.1514 ] [ndcg@5: 0.0644 ndcg@10: 0.0765 ndcg@20: 0.0930 ] 
2025-04-17 14:48:56,755 - Epoch 228 Validation set [recall@5: 0.0667 recall@10: 0.1028 recall@20: 0.1527 ] [ndcg@5: 0.0636 ndcg@10: 0.0763 ndcg@20: 0.0929 ] 
2025-04-17 14:48:58,390 - Epoch 231 Validation set [recall@5: 0.0693 recall@10: 0.1044 recall@20: 0.1531 ] [ndcg@5: 0.0657 ndcg@10: 0.0782 ndcg@20: 0.0943 ] 
2025-04-17 14:49:00,098 - Epoch 234 Validation set [recall@5: 0.0680 recall@10: 0.1048 recall@20: 0.1514 ] [ndcg@5: 0.0654 ndcg@10: 0.0783 ndcg@20: 0.0939 ] 
2025-04-17 14:49:01,716 - Epoch 237 Validation set [recall@5: 0.0694 recall@10: 0.1055 recall@20: 0.1537 ] [ndcg@5: 0.0664 ndcg@10: 0.0794 ndcg@20: 0.0953 ] 
2025-04-17 14:49:03,339 - Epoch 240 Validation set [recall@5: 0.0665 recall@10: 0.1033 recall@20: 0.1531 ] [ndcg@5: 0.0644 ndcg@10: 0.0773 ndcg@20: 0.0938 ] 
2025-04-17 14:49:05,019 - Epoch 243 Validation set [recall@5: 0.0675 recall@10: 0.1039 recall@20: 0.1514 ] [ndcg@5: 0.0652 ndcg@10: 0.0779 ndcg@20: 0.0939 ] 
2025-04-17 14:49:06,662 - Epoch 246 Validation set [recall@5: 0.0659 recall@10: 0.1038 recall@20: 0.1535 ] [ndcg@5: 0.0634 ndcg@10: 0.0770 ndcg@20: 0.0934 ] 
2025-04-17 14:49:08,297 - Epoch 249 Validation set [recall@5: 0.0663 recall@10: 0.1036 recall@20: 0.1539 ] [ndcg@5: 0.0647 ndcg@10: 0.0780 ndcg@20: 0.0946 ] 
2025-04-17 14:49:09,949 - Epoch 252 Validation set [recall@5: 0.0680 recall@10: 0.1035 recall@20: 0.1532 ] [ndcg@5: 0.0650 ndcg@10: 0.0777 ndcg@20: 0.0941 ] 
2025-04-17 14:49:10,964 - [recall@5: 0.0675 recall@10: 0.1052 recall@20: 0.1553 ] [ndcg@5: 0.0656 ndcg@10: 0.0789 ndcg@20: 0.0955 ] 
2025-04-17 14:49:12,030 - [recall@5: 0.0680 recall@10: 0.1060 recall@20: 0.1560 ] [ndcg@5: 0.0680 ndcg@10: 0.0811 ndcg@20: 0.0975 ] 
2025-04-17 14:49:12,030 - Best Epoch 192. Final test result: {'recall': array([0.06795317, 0.10598093, 0.15604386]), 'ndcg': array([0.0679563 , 0.08106408, 0.09751698])}.
