2025-04-17 15:18:12,321 - {'optimizer': {'name': 'adam', 'lr': 0.001, 'weight_decay': 0}, 'train': {'epoch': 1000, 'batch_size': 1024, 'save_model': False, 'loss': 'pairwise', 'test_step': 3, 'reproducible': True, 'seed': 2024, 'patience': 20}, 'test': {'metrics': ['recall', 'ndcg'], 'k': [5, 10, 20], 'batch_size': 1024}, 'data': {'type': 'general_cf', 'name': 'steam', 'user_num': 23310, 'item_num': 5237}, 'model': {'name': 'mult_vae_godm', 'beta': 1.0, 'embedding_size': 32, 'dropout': 0.2, 'reg_weight': 1e-06, 'amazon': {'dropout': 0.3, 'reg_weight': 1e-06}, 'yelp': {'dropout': 0.3, 'reg_weight': 1e-06}, 'steam': {'dropout': 0.2, 'reg_weight': 1e-06}}}
2025-04-17 15:18:15,079 - Epoch   0 Validation set [recall@5: 0.0339 recall@10: 0.0548 recall@20: 0.0909 ] [ndcg@5: 0.0403 ndcg@10: 0.0464 ndcg@20: 0.0582 ] 
2025-04-17 15:18:17,541 - Epoch   3 Validation set [recall@5: 0.0350 recall@10: 0.0557 recall@20: 0.0929 ] [ndcg@5: 0.0414 ndcg@10: 0.0474 ndcg@20: 0.0595 ] 
2025-04-17 15:18:20,049 - Epoch   6 Validation set [recall@5: 0.0369 recall@10: 0.0632 recall@20: 0.1030 ] [ndcg@5: 0.0444 ndcg@10: 0.0526 ndcg@20: 0.0657 ] 
2025-04-17 15:18:22,661 - Epoch   9 Validation set [recall@5: 0.0390 recall@10: 0.0659 recall@20: 0.1086 ] [ndcg@5: 0.0467 ndcg@10: 0.0549 ndcg@20: 0.0691 ] 
2025-04-17 15:18:25,240 - Epoch  12 Validation set [recall@5: 0.0406 recall@10: 0.0689 recall@20: 0.1111 ] [ndcg@5: 0.0484 ndcg@10: 0.0571 ndcg@20: 0.0710 ] 
2025-04-17 15:18:27,843 - Epoch  15 Validation set [recall@5: 0.0414 recall@10: 0.0710 recall@20: 0.1135 ] [ndcg@5: 0.0492 ndcg@10: 0.0585 ndcg@20: 0.0725 ] 
2025-04-17 15:18:30,447 - Epoch  18 Validation set [recall@5: 0.0425 recall@10: 0.0725 recall@20: 0.1166 ] [ndcg@5: 0.0503 ndcg@10: 0.0597 ndcg@20: 0.0744 ] 
2025-04-17 15:18:33,003 - Epoch  21 Validation set [recall@5: 0.0433 recall@10: 0.0736 recall@20: 0.1188 ] [ndcg@5: 0.0514 ndcg@10: 0.0610 ndcg@20: 0.0760 ] 
2025-04-17 15:18:35,665 - Epoch  24 Validation set [recall@5: 0.0450 recall@10: 0.0760 recall@20: 0.1218 ] [ndcg@5: 0.0527 ndcg@10: 0.0625 ndcg@20: 0.0777 ] 
2025-04-17 15:18:38,267 - Epoch  27 Validation set [recall@5: 0.0462 recall@10: 0.0775 recall@20: 0.1243 ] [ndcg@5: 0.0541 ndcg@10: 0.0639 ndcg@20: 0.0795 ] 
2025-04-17 15:18:40,919 - Epoch  30 Validation set [recall@5: 0.0480 recall@10: 0.0797 recall@20: 0.1270 ] [ndcg@5: 0.0554 ndcg@10: 0.0657 ndcg@20: 0.0816 ] 
2025-04-17 15:18:43,552 - Epoch  33 Validation set [recall@5: 0.0492 recall@10: 0.0802 recall@20: 0.1284 ] [ndcg@5: 0.0564 ndcg@10: 0.0662 ndcg@20: 0.0823 ] 
2025-04-17 15:18:46,077 - Epoch  36 Validation set [recall@5: 0.0494 recall@10: 0.0817 recall@20: 0.1300 ] [ndcg@5: 0.0567 ndcg@10: 0.0669 ndcg@20: 0.0831 ] 
2025-04-17 15:18:48,732 - Epoch  39 Validation set [recall@5: 0.0504 recall@10: 0.0838 recall@20: 0.1324 ] [ndcg@5: 0.0579 ndcg@10: 0.0686 ndcg@20: 0.0849 ] 
2025-04-17 15:18:51,357 - Epoch  42 Validation set [recall@5: 0.0507 recall@10: 0.0842 recall@20: 0.1327 ] [ndcg@5: 0.0581 ndcg@10: 0.0687 ndcg@20: 0.0851 ] 
2025-04-17 15:18:53,916 - Epoch  45 Validation set [recall@5: 0.0519 recall@10: 0.0849 recall@20: 0.1346 ] [ndcg@5: 0.0591 ndcg@10: 0.0693 ndcg@20: 0.0861 ] 
2025-04-17 15:18:56,563 - Epoch  48 Validation set [recall@5: 0.0529 recall@10: 0.0866 recall@20: 0.1353 ] [ndcg@5: 0.0597 ndcg@10: 0.0704 ndcg@20: 0.0869 ] 
2025-04-17 15:18:59,100 - Epoch  51 Validation set [recall@5: 0.0524 recall@10: 0.0869 recall@20: 0.1363 ] [ndcg@5: 0.0597 ndcg@10: 0.0705 ndcg@20: 0.0873 ] 
2025-04-17 15:19:01,766 - Epoch  54 Validation set [recall@5: 0.0529 recall@10: 0.0878 recall@20: 0.1378 ] [ndcg@5: 0.0602 ndcg@10: 0.0713 ndcg@20: 0.0881 ] 
2025-04-17 15:19:04,418 - Epoch  57 Validation set [recall@5: 0.0534 recall@10: 0.0870 recall@20: 0.1374 ] [ndcg@5: 0.0603 ndcg@10: 0.0708 ndcg@20: 0.0878 ] 
2025-04-17 15:19:07,039 - Epoch  60 Validation set [recall@5: 0.0540 recall@10: 0.0876 recall@20: 0.1387 ] [ndcg@5: 0.0612 ndcg@10: 0.0717 ndcg@20: 0.0889 ] 
2025-04-17 15:19:09,883 - Epoch  63 Validation set [recall@5: 0.0538 recall@10: 0.0883 recall@20: 0.1403 ] [ndcg@5: 0.0610 ndcg@10: 0.0719 ndcg@20: 0.0894 ] 
2025-04-17 15:19:14,111 - Epoch  66 Validation set [recall@5: 0.0540 recall@10: 0.0893 recall@20: 0.1407 ] [ndcg@5: 0.0613 ndcg@10: 0.0728 ndcg@20: 0.0901 ] 
2025-04-17 15:19:18,809 - Epoch  69 Validation set [recall@5: 0.0552 recall@10: 0.0901 recall@20: 0.1420 ] [ndcg@5: 0.0624 ndcg@10: 0.0735 ndcg@20: 0.0910 ] 
2025-04-17 15:19:23,262 - Epoch  72 Validation set [recall@5: 0.0563 recall@10: 0.0903 recall@20: 0.1433 ] [ndcg@5: 0.0632 ndcg@10: 0.0739 ndcg@20: 0.0917 ] 
2025-04-17 15:19:27,904 - Epoch  75 Validation set [recall@5: 0.0560 recall@10: 0.0910 recall@20: 0.1443 ] [ndcg@5: 0.0632 ndcg@10: 0.0742 ndcg@20: 0.0923 ] 
2025-04-17 15:19:32,298 - Epoch  78 Validation set [recall@5: 0.0565 recall@10: 0.0925 recall@20: 0.1440 ] [ndcg@5: 0.0634 ndcg@10: 0.0749 ndcg@20: 0.0924 ] 
2025-04-17 15:19:36,837 - Epoch  81 Validation set [recall@5: 0.0565 recall@10: 0.0922 recall@20: 0.1444 ] [ndcg@5: 0.0633 ndcg@10: 0.0747 ndcg@20: 0.0924 ] 
2025-04-17 15:19:41,296 - Epoch  84 Validation set [recall@5: 0.0564 recall@10: 0.0934 recall@20: 0.1454 ] [ndcg@5: 0.0637 ndcg@10: 0.0754 ndcg@20: 0.0930 ] 
2025-04-17 15:19:45,957 - Epoch  87 Validation set [recall@5: 0.0575 recall@10: 0.0941 recall@20: 0.1460 ] [ndcg@5: 0.0643 ndcg@10: 0.0759 ndcg@20: 0.0934 ] 
2025-04-17 15:19:49,822 - Epoch  90 Validation set [recall@5: 0.0576 recall@10: 0.0934 recall@20: 0.1465 ] [ndcg@5: 0.0644 ndcg@10: 0.0757 ndcg@20: 0.0937 ] 
2025-04-17 15:19:52,490 - Epoch  93 Validation set [recall@5: 0.0572 recall@10: 0.0934 recall@20: 0.1470 ] [ndcg@5: 0.0645 ndcg@10: 0.0760 ndcg@20: 0.0941 ] 
2025-04-17 15:19:55,174 - Epoch  96 Validation set [recall@5: 0.0586 recall@10: 0.0936 recall@20: 0.1472 ] [ndcg@5: 0.0649 ndcg@10: 0.0758 ndcg@20: 0.0940 ] 
2025-04-17 15:19:57,775 - Epoch  99 Validation set [recall@5: 0.0578 recall@10: 0.0933 recall@20: 0.1472 ] [ndcg@5: 0.0647 ndcg@10: 0.0760 ndcg@20: 0.0943 ] 
2025-04-17 15:20:00,401 - Epoch 102 Validation set [recall@5: 0.0581 recall@10: 0.0945 recall@20: 0.1483 ] [ndcg@5: 0.0652 ndcg@10: 0.0768 ndcg@20: 0.0950 ] 
2025-04-17 15:20:03,095 - Epoch 105 Validation set [recall@5: 0.0579 recall@10: 0.0941 recall@20: 0.1469 ] [ndcg@5: 0.0648 ndcg@10: 0.0764 ndcg@20: 0.0943 ] 
2025-04-17 15:20:05,779 - Epoch 108 Validation set [recall@5: 0.0583 recall@10: 0.0943 recall@20: 0.1480 ] [ndcg@5: 0.0657 ndcg@10: 0.0771 ndcg@20: 0.0952 ] 
2025-04-17 15:20:08,376 - Epoch 111 Validation set [recall@5: 0.0581 recall@10: 0.0950 recall@20: 0.1492 ] [ndcg@5: 0.0652 ndcg@10: 0.0769 ndcg@20: 0.0952 ] 
2025-04-17 15:20:11,161 - Epoch 114 Validation set [recall@5: 0.0588 recall@10: 0.0944 recall@20: 0.1481 ] [ndcg@5: 0.0653 ndcg@10: 0.0766 ndcg@20: 0.0948 ] 
2025-04-17 15:20:13,885 - Epoch 117 Validation set [recall@5: 0.0588 recall@10: 0.0950 recall@20: 0.1478 ] [ndcg@5: 0.0656 ndcg@10: 0.0771 ndcg@20: 0.0950 ] 
2025-04-17 15:20:16,621 - Epoch 120 Validation set [recall@5: 0.0591 recall@10: 0.0956 recall@20: 0.1492 ] [ndcg@5: 0.0662 ndcg@10: 0.0777 ndcg@20: 0.0958 ] 
2025-04-17 15:20:19,345 - Epoch 123 Validation set [recall@5: 0.0589 recall@10: 0.0953 recall@20: 0.1495 ] [ndcg@5: 0.0658 ndcg@10: 0.0775 ndcg@20: 0.0959 ] 
2025-04-17 15:20:22,084 - Epoch 126 Validation set [recall@5: 0.0589 recall@10: 0.0956 recall@20: 0.1494 ] [ndcg@5: 0.0657 ndcg@10: 0.0774 ndcg@20: 0.0956 ] 
2025-04-17 15:20:24,812 - Epoch 129 Validation set [recall@5: 0.0592 recall@10: 0.0960 recall@20: 0.1488 ] [ndcg@5: 0.0664 ndcg@10: 0.0780 ndcg@20: 0.0958 ] 
2025-04-17 15:20:27,441 - Epoch 132 Validation set [recall@5: 0.0582 recall@10: 0.0950 recall@20: 0.1491 ] [ndcg@5: 0.0654 ndcg@10: 0.0772 ndcg@20: 0.0954 ] 
2025-04-17 15:20:30,067 - Epoch 135 Validation set [recall@5: 0.0589 recall@10: 0.0958 recall@20: 0.1491 ] [ndcg@5: 0.0655 ndcg@10: 0.0773 ndcg@20: 0.0955 ] 
2025-04-17 15:20:32,654 - Epoch 138 Validation set [recall@5: 0.0590 recall@10: 0.0961 recall@20: 0.1502 ] [ndcg@5: 0.0660 ndcg@10: 0.0778 ndcg@20: 0.0961 ] 
2025-04-17 15:20:35,281 - Epoch 141 Validation set [recall@5: 0.0595 recall@10: 0.0971 recall@20: 0.1497 ] [ndcg@5: 0.0663 ndcg@10: 0.0783 ndcg@20: 0.0962 ] 
2025-04-17 15:20:37,910 - Epoch 144 Validation set [recall@5: 0.0596 recall@10: 0.0958 recall@20: 0.1499 ] [ndcg@5: 0.0667 ndcg@10: 0.0779 ndcg@20: 0.0961 ] 
2025-04-17 15:20:40,549 - Epoch 147 Validation set [recall@5: 0.0590 recall@10: 0.0960 recall@20: 0.1497 ] [ndcg@5: 0.0665 ndcg@10: 0.0783 ndcg@20: 0.0964 ] 
2025-04-17 15:20:43,190 - Epoch 150 Validation set [recall@5: 0.0594 recall@10: 0.0960 recall@20: 0.1504 ] [ndcg@5: 0.0662 ndcg@10: 0.0778 ndcg@20: 0.0962 ] 
2025-04-17 15:20:45,953 - Epoch 153 Validation set [recall@5: 0.0590 recall@10: 0.0966 recall@20: 0.1501 ] [ndcg@5: 0.0660 ndcg@10: 0.0781 ndcg@20: 0.0963 ] 
2025-04-17 15:20:48,654 - Epoch 156 Validation set [recall@5: 0.0597 recall@10: 0.0969 recall@20: 0.1498 ] [ndcg@5: 0.0666 ndcg@10: 0.0786 ndcg@20: 0.0965 ] 
2025-04-17 15:20:51,361 - Epoch 159 Validation set [recall@5: 0.0590 recall@10: 0.0963 recall@20: 0.1510 ] [ndcg@5: 0.0662 ndcg@10: 0.0780 ndcg@20: 0.0964 ] 
2025-04-17 15:20:54,048 - Epoch 162 Validation set [recall@5: 0.0592 recall@10: 0.0966 recall@20: 0.1497 ] [ndcg@5: 0.0668 ndcg@10: 0.0786 ndcg@20: 0.0965 ] 
2025-04-17 15:20:56,663 - Epoch 165 Validation set [recall@5: 0.0592 recall@10: 0.0966 recall@20: 0.1507 ] [ndcg@5: 0.0665 ndcg@10: 0.0786 ndcg@20: 0.0969 ] 
2025-04-17 15:20:59,317 - Epoch 168 Validation set [recall@5: 0.0596 recall@10: 0.0971 recall@20: 0.1496 ] [ndcg@5: 0.0669 ndcg@10: 0.0788 ndcg@20: 0.0966 ] 
2025-04-17 15:21:01,951 - Epoch 171 Validation set [recall@5: 0.0583 recall@10: 0.0962 recall@20: 0.1503 ] [ndcg@5: 0.0657 ndcg@10: 0.0779 ndcg@20: 0.0963 ] 
2025-04-17 15:21:04,507 - Epoch 174 Validation set [recall@5: 0.0595 recall@10: 0.0972 recall@20: 0.1506 ] [ndcg@5: 0.0663 ndcg@10: 0.0785 ndcg@20: 0.0966 ] 
2025-04-17 15:21:07,172 - Epoch 177 Validation set [recall@5: 0.0599 recall@10: 0.0972 recall@20: 0.1509 ] [ndcg@5: 0.0663 ndcg@10: 0.0785 ndcg@20: 0.0966 ] 
2025-04-17 15:21:09,747 - Epoch 180 Validation set [recall@5: 0.0588 recall@10: 0.0967 recall@20: 0.1502 ] [ndcg@5: 0.0662 ndcg@10: 0.0785 ndcg@20: 0.0967 ] 
2025-04-17 15:21:12,342 - Epoch 183 Validation set [recall@5: 0.0592 recall@10: 0.0964 recall@20: 0.1499 ] [ndcg@5: 0.0662 ndcg@10: 0.0782 ndcg@20: 0.0963 ] 
2025-04-17 15:21:14,991 - Epoch 186 Validation set [recall@5: 0.0597 recall@10: 0.0959 recall@20: 0.1498 ] [ndcg@5: 0.0671 ndcg@10: 0.0784 ndcg@20: 0.0966 ] 
2025-04-17 15:21:17,578 - Epoch 189 Validation set [recall@5: 0.0596 recall@10: 0.0969 recall@20: 0.1503 ] [ndcg@5: 0.0667 ndcg@10: 0.0786 ndcg@20: 0.0967 ] 
2025-04-17 15:21:20,239 - Epoch 192 Validation set [recall@5: 0.0595 recall@10: 0.0969 recall@20: 0.1510 ] [ndcg@5: 0.0663 ndcg@10: 0.0783 ndcg@20: 0.0966 ] 
2025-04-17 15:21:22,863 - Epoch 195 Validation set [recall@5: 0.0595 recall@10: 0.0961 recall@20: 0.1498 ] [ndcg@5: 0.0667 ndcg@10: 0.0783 ndcg@20: 0.0966 ] 
2025-04-17 15:21:25,490 - Epoch 198 Validation set [recall@5: 0.0590 recall@10: 0.0965 recall@20: 0.1506 ] [ndcg@5: 0.0660 ndcg@10: 0.0781 ndcg@20: 0.0964 ] 
2025-04-17 15:21:28,167 - Epoch 201 Validation set [recall@5: 0.0596 recall@10: 0.0962 recall@20: 0.1506 ] [ndcg@5: 0.0663 ndcg@10: 0.0782 ndcg@20: 0.0966 ] 
2025-04-17 15:21:30,738 - Epoch 204 Validation set [recall@5: 0.0597 recall@10: 0.0965 recall@20: 0.1513 ] [ndcg@5: 0.0665 ndcg@10: 0.0783 ndcg@20: 0.0970 ] 
2025-04-17 15:21:33,319 - Epoch 207 Validation set [recall@5: 0.0597 recall@10: 0.0963 recall@20: 0.1511 ] [ndcg@5: 0.0669 ndcg@10: 0.0787 ndcg@20: 0.0973 ] 
2025-04-17 15:21:35,985 - Epoch 210 Validation set [recall@5: 0.0583 recall@10: 0.0968 recall@20: 0.1499 ] [ndcg@5: 0.0656 ndcg@10: 0.0781 ndcg@20: 0.0961 ] 
2025-04-17 15:21:38,585 - Epoch 213 Validation set [recall@5: 0.0599 recall@10: 0.0975 recall@20: 0.1504 ] [ndcg@5: 0.0664 ndcg@10: 0.0786 ndcg@20: 0.0966 ] 
2025-04-17 15:21:41,211 - Epoch 216 Validation set [recall@5: 0.0598 recall@10: 0.0968 recall@20: 0.1499 ] [ndcg@5: 0.0660 ndcg@10: 0.0781 ndcg@20: 0.0962 ] 
2025-04-17 15:21:43,826 - Epoch 219 Validation set [recall@5: 0.0593 recall@10: 0.0963 recall@20: 0.1505 ] [ndcg@5: 0.0661 ndcg@10: 0.0780 ndcg@20: 0.0964 ] 
2025-04-17 15:21:46,462 - Epoch 222 Validation set [recall@5: 0.0593 recall@10: 0.0967 recall@20: 0.1518 ] [ndcg@5: 0.0670 ndcg@10: 0.0789 ndcg@20: 0.0975 ] 
2025-04-17 15:21:49,145 - Epoch 225 Validation set [recall@5: 0.0592 recall@10: 0.0968 recall@20: 0.1501 ] [ndcg@5: 0.0660 ndcg@10: 0.0784 ndcg@20: 0.0965 ] 
2025-04-17 15:21:51,811 - Epoch 228 Validation set [recall@5: 0.0589 recall@10: 0.0964 recall@20: 0.1499 ] [ndcg@5: 0.0657 ndcg@10: 0.0779 ndcg@20: 0.0960 ] 
2025-04-17 15:21:54,447 - Epoch 231 Validation set [recall@5: 0.0602 recall@10: 0.0963 recall@20: 0.1510 ] [ndcg@5: 0.0662 ndcg@10: 0.0779 ndcg@20: 0.0964 ] 
2025-04-17 15:21:57,067 - Epoch 234 Validation set [recall@5: 0.0595 recall@10: 0.0964 recall@20: 0.1500 ] [ndcg@5: 0.0660 ndcg@10: 0.0781 ndcg@20: 0.0963 ] 
2025-04-17 15:21:59,683 - Epoch 237 Validation set [recall@5: 0.0597 recall@10: 0.0961 recall@20: 0.1509 ] [ndcg@5: 0.0661 ndcg@10: 0.0781 ndcg@20: 0.0967 ] 
2025-04-17 15:22:02,342 - Epoch 240 Validation set [recall@5: 0.0601 recall@10: 0.0960 recall@20: 0.1493 ] [ndcg@5: 0.0663 ndcg@10: 0.0779 ndcg@20: 0.0960 ] 
2025-04-17 15:22:04,896 - Epoch 243 Validation set [recall@5: 0.0596 recall@10: 0.0966 recall@20: 0.1505 ] [ndcg@5: 0.0662 ndcg@10: 0.0783 ndcg@20: 0.0966 ] 
2025-04-17 15:22:07,435 - Epoch 246 Validation set [recall@5: 0.0596 recall@10: 0.0966 recall@20: 0.1503 ] [ndcg@5: 0.0658 ndcg@10: 0.0778 ndcg@20: 0.0960 ] 
2025-04-17 15:22:10,048 - Epoch 249 Validation set [recall@5: 0.0600 recall@10: 0.0968 recall@20: 0.1498 ] [ndcg@5: 0.0662 ndcg@10: 0.0781 ndcg@20: 0.0962 ] 
2025-04-17 15:22:12,655 - Epoch 252 Validation set [recall@5: 0.0591 recall@10: 0.0962 recall@20: 0.1507 ] [ndcg@5: 0.0658 ndcg@10: 0.0779 ndcg@20: 0.0964 ] 
2025-04-17 15:22:15,296 - Epoch 255 Validation set [recall@5: 0.0598 recall@10: 0.0966 recall@20: 0.1508 ] [ndcg@5: 0.0660 ndcg@10: 0.0783 ndcg@20: 0.0967 ] 
2025-04-17 15:22:17,929 - Epoch 258 Validation set [recall@5: 0.0599 recall@10: 0.0967 recall@20: 0.1500 ] [ndcg@5: 0.0660 ndcg@10: 0.0782 ndcg@20: 0.0963 ] 
2025-04-17 15:22:20,554 - Epoch 261 Validation set [recall@5: 0.0588 recall@10: 0.0961 recall@20: 0.1497 ] [ndcg@5: 0.0654 ndcg@10: 0.0776 ndcg@20: 0.0958 ] 
2025-04-17 15:22:23,105 - Epoch 264 Validation set [recall@5: 0.0595 recall@10: 0.0956 recall@20: 0.1491 ] [ndcg@5: 0.0660 ndcg@10: 0.0777 ndcg@20: 0.0960 ] 
2025-04-17 15:22:25,736 - Epoch 267 Validation set [recall@5: 0.0597 recall@10: 0.0958 recall@20: 0.1492 ] [ndcg@5: 0.0661 ndcg@10: 0.0776 ndcg@20: 0.0957 ] 
2025-04-17 15:22:28,261 - Epoch 270 Validation set [recall@5: 0.0598 recall@10: 0.0964 recall@20: 0.1491 ] [ndcg@5: 0.0656 ndcg@10: 0.0777 ndcg@20: 0.0956 ] 
2025-04-17 15:22:30,897 - Epoch 273 Validation set [recall@5: 0.0589 recall@10: 0.0961 recall@20: 0.1488 ] [ndcg@5: 0.0652 ndcg@10: 0.0773 ndcg@20: 0.0953 ] 
2025-04-17 15:22:33,407 - Epoch 276 Validation set [recall@5: 0.0597 recall@10: 0.0968 recall@20: 0.1499 ] [ndcg@5: 0.0659 ndcg@10: 0.0780 ndcg@20: 0.0960 ] 
2025-04-17 15:22:36,033 - Epoch 279 Validation set [recall@5: 0.0592 recall@10: 0.0953 recall@20: 0.1503 ] [ndcg@5: 0.0656 ndcg@10: 0.0774 ndcg@20: 0.0959 ] 
2025-04-17 15:22:38,642 - Epoch 282 Validation set [recall@5: 0.0590 recall@10: 0.0953 recall@20: 0.1491 ] [ndcg@5: 0.0646 ndcg@10: 0.0768 ndcg@20: 0.0952 ] 
2025-04-17 15:22:40,435 - [recall@5: 0.0593 recall@10: 0.0967 recall@20: 0.1518 ] [ndcg@5: 0.0670 ndcg@10: 0.0789 ndcg@20: 0.0975 ] 
2025-04-17 15:22:42,490 - [recall@5: 0.0580 recall@10: 0.0956 recall@20: 0.1494 ] [ndcg@5: 0.0636 ndcg@10: 0.0763 ndcg@20: 0.0947 ] 
2025-04-17 15:22:42,490 - Best Epoch 222. Final test result: {'recall': array([0.05804075, 0.09564864, 0.14938961]), 'ndcg': array([0.06357694, 0.0762647 , 0.09471928])}.
