2025-04-17 15:14:44,847 - {'optimizer': {'name': 'adam', 'lr': 0.001, 'weight_decay': 0}, 'train': {'epoch': 1000, 'batch_size': 1024, 'save_model': False, 'loss': 'pairwise', 'test_step': 3, 'reproducible': True, 'seed': 2024, 'patience': 20}, 'test': {'metrics': ['recall', 'ndcg'], 'k': [5, 10, 20], 'batch_size': 1024}, 'data': {'type': 'general_cf', 'name': 'yelp', 'user_num': 11091, 'item_num': 11010}, 'model': {'name': 'mult_vae_godm', 'beta': 0.8, 'embedding_size': 32, 'dropout': 0.2, 'reg_weight': 1e-06, 'amazon': {'dropout': 0.3, 'reg_weight': 1e-06}, 'yelp': {'dropout': 0.3, 'reg_weight': 1e-06}, 'steam': {'dropout': 0.2, 'reg_weight': 1e-06}}}
2025-04-17 15:14:46,992 - Epoch   0 Validation set [recall@5: 0.0053 recall@10: 0.0094 recall@20: 0.0149 ] [ndcg@5: 0.0065 ndcg@10: 0.0079 ndcg@20: 0.0098 ] 
2025-04-17 15:14:48,941 - Epoch   3 Validation set [recall@5: 0.0123 recall@10: 0.0214 recall@20: 0.0330 ] [ndcg@5: 0.0175 ndcg@10: 0.0197 ndcg@20: 0.0230 ] 
2025-04-17 15:14:50,930 - Epoch   6 Validation set [recall@5: 0.0288 recall@10: 0.0491 recall@20: 0.0795 ] [ndcg@5: 0.0354 ndcg@10: 0.0416 ndcg@20: 0.0517 ] 
2025-04-17 15:14:52,817 - Epoch   9 Validation set [recall@5: 0.0319 recall@10: 0.0532 recall@20: 0.0859 ] [ndcg@5: 0.0384 ndcg@10: 0.0449 ndcg@20: 0.0559 ] 
2025-04-17 15:14:54,759 - Epoch  12 Validation set [recall@5: 0.0324 recall@10: 0.0564 recall@20: 0.0918 ] [ndcg@5: 0.0396 ndcg@10: 0.0472 ndcg@20: 0.0590 ] 
2025-04-17 15:14:56,708 - Epoch  15 Validation set [recall@5: 0.0347 recall@10: 0.0589 recall@20: 0.0946 ] [ndcg@5: 0.0416 ndcg@10: 0.0490 ndcg@20: 0.0609 ] 
2025-04-17 15:14:58,622 - Epoch  18 Validation set [recall@5: 0.0361 recall@10: 0.0606 recall@20: 0.0973 ] [ndcg@5: 0.0435 ndcg@10: 0.0509 ndcg@20: 0.0630 ] 
2025-04-17 15:15:00,550 - Epoch  21 Validation set [recall@5: 0.0361 recall@10: 0.0612 recall@20: 0.0993 ] [ndcg@5: 0.0437 ndcg@10: 0.0513 ndcg@20: 0.0641 ] 
2025-04-17 15:15:02,444 - Epoch  24 Validation set [recall@5: 0.0371 recall@10: 0.0624 recall@20: 0.1011 ] [ndcg@5: 0.0447 ndcg@10: 0.0525 ndcg@20: 0.0654 ] 
2025-04-17 15:15:04,378 - Epoch  27 Validation set [recall@5: 0.0380 recall@10: 0.0635 recall@20: 0.1039 ] [ndcg@5: 0.0452 ndcg@10: 0.0533 ndcg@20: 0.0667 ] 
2025-04-17 15:15:06,299 - Epoch  30 Validation set [recall@5: 0.0373 recall@10: 0.0630 recall@20: 0.1046 ] [ndcg@5: 0.0444 ndcg@10: 0.0526 ndcg@20: 0.0667 ] 
2025-04-17 15:15:08,211 - Epoch  33 Validation set [recall@5: 0.0387 recall@10: 0.0648 recall@20: 0.1065 ] [ndcg@5: 0.0469 ndcg@10: 0.0545 ndcg@20: 0.0686 ] 
2025-04-17 15:15:10,173 - Epoch  36 Validation set [recall@5: 0.0395 recall@10: 0.0665 recall@20: 0.1085 ] [ndcg@5: 0.0475 ndcg@10: 0.0557 ndcg@20: 0.0698 ] 
2025-04-17 15:15:12,126 - Epoch  39 Validation set [recall@5: 0.0395 recall@10: 0.0668 recall@20: 0.1092 ] [ndcg@5: 0.0475 ndcg@10: 0.0560 ndcg@20: 0.0705 ] 
2025-04-17 15:15:14,044 - Epoch  42 Validation set [recall@5: 0.0400 recall@10: 0.0690 recall@20: 0.1117 ] [ndcg@5: 0.0482 ndcg@10: 0.0572 ndcg@20: 0.0716 ] 
2025-04-17 15:15:15,968 - Epoch  45 Validation set [recall@5: 0.0409 recall@10: 0.0693 recall@20: 0.1134 ] [ndcg@5: 0.0485 ndcg@10: 0.0574 ndcg@20: 0.0724 ] 
2025-04-17 15:15:17,886 - Epoch  48 Validation set [recall@5: 0.0411 recall@10: 0.0684 recall@20: 0.1142 ] [ndcg@5: 0.0490 ndcg@10: 0.0574 ndcg@20: 0.0730 ] 
2025-04-17 15:15:19,792 - Epoch  51 Validation set [recall@5: 0.0417 recall@10: 0.0687 recall@20: 0.1154 ] [ndcg@5: 0.0503 ndcg@10: 0.0582 ndcg@20: 0.0739 ] 
2025-04-17 15:15:21,747 - Epoch  54 Validation set [recall@5: 0.0418 recall@10: 0.0698 recall@20: 0.1157 ] [ndcg@5: 0.0503 ndcg@10: 0.0586 ndcg@20: 0.0740 ] 
2025-04-17 15:15:23,645 - Epoch  57 Validation set [recall@5: 0.0428 recall@10: 0.0708 recall@20: 0.1167 ] [ndcg@5: 0.0505 ndcg@10: 0.0588 ndcg@20: 0.0745 ] 
2025-04-17 15:15:25,554 - Epoch  60 Validation set [recall@5: 0.0427 recall@10: 0.0720 recall@20: 0.1190 ] [ndcg@5: 0.0499 ndcg@10: 0.0593 ndcg@20: 0.0754 ] 
2025-04-17 15:15:27,451 - Epoch  63 Validation set [recall@5: 0.0425 recall@10: 0.0702 recall@20: 0.1190 ] [ndcg@5: 0.0499 ndcg@10: 0.0586 ndcg@20: 0.0753 ] 
2025-04-17 15:15:29,347 - Epoch  66 Validation set [recall@5: 0.0419 recall@10: 0.0713 recall@20: 0.1195 ] [ndcg@5: 0.0498 ndcg@10: 0.0594 ndcg@20: 0.0755 ] 
2025-04-17 15:15:31,215 - Epoch  69 Validation set [recall@5: 0.0436 recall@10: 0.0725 recall@20: 0.1209 ] [ndcg@5: 0.0521 ndcg@10: 0.0607 ndcg@20: 0.0770 ] 
2025-04-17 15:15:33,138 - Epoch  72 Validation set [recall@5: 0.0430 recall@10: 0.0736 recall@20: 0.1226 ] [ndcg@5: 0.0501 ndcg@10: 0.0603 ndcg@20: 0.0768 ] 
2025-04-17 15:15:35,015 - Epoch  75 Validation set [recall@5: 0.0443 recall@10: 0.0733 recall@20: 0.1224 ] [ndcg@5: 0.0509 ndcg@10: 0.0602 ndcg@20: 0.0770 ] 
2025-04-17 15:15:36,892 - Epoch  78 Validation set [recall@5: 0.0434 recall@10: 0.0730 recall@20: 0.1234 ] [ndcg@5: 0.0501 ndcg@10: 0.0596 ndcg@20: 0.0768 ] 
2025-04-17 15:15:38,773 - Epoch  81 Validation set [recall@5: 0.0446 recall@10: 0.0736 recall@20: 0.1227 ] [ndcg@5: 0.0517 ndcg@10: 0.0607 ndcg@20: 0.0773 ] 
2025-04-17 15:15:40,668 - Epoch  84 Validation set [recall@5: 0.0442 recall@10: 0.0734 recall@20: 0.1219 ] [ndcg@5: 0.0507 ndcg@10: 0.0599 ndcg@20: 0.0763 ] 
2025-04-17 15:15:42,635 - Epoch  87 Validation set [recall@5: 0.0441 recall@10: 0.0741 recall@20: 0.1226 ] [ndcg@5: 0.0513 ndcg@10: 0.0607 ndcg@20: 0.0772 ] 
2025-04-17 15:15:44,523 - Epoch  90 Validation set [recall@5: 0.0430 recall@10: 0.0738 recall@20: 0.1244 ] [ndcg@5: 0.0503 ndcg@10: 0.0601 ndcg@20: 0.0773 ] 
2025-04-17 15:15:46,416 - Epoch  93 Validation set [recall@5: 0.0436 recall@10: 0.0728 recall@20: 0.1237 ] [ndcg@5: 0.0505 ndcg@10: 0.0596 ndcg@20: 0.0770 ] 
2025-04-17 15:15:48,295 - Epoch  96 Validation set [recall@5: 0.0445 recall@10: 0.0745 recall@20: 0.1236 ] [ndcg@5: 0.0511 ndcg@10: 0.0606 ndcg@20: 0.0773 ] 
2025-04-17 15:15:50,232 - Epoch  99 Validation set [recall@5: 0.0434 recall@10: 0.0737 recall@20: 0.1232 ] [ndcg@5: 0.0499 ndcg@10: 0.0597 ndcg@20: 0.0766 ] 
2025-04-17 15:15:52,140 - Epoch 102 Validation set [recall@5: 0.0441 recall@10: 0.0740 recall@20: 0.1231 ] [ndcg@5: 0.0503 ndcg@10: 0.0599 ndcg@20: 0.0767 ] 
2025-04-17 15:15:54,014 - Epoch 105 Validation set [recall@5: 0.0441 recall@10: 0.0737 recall@20: 0.1244 ] [ndcg@5: 0.0504 ndcg@10: 0.0598 ndcg@20: 0.0772 ] 
2025-04-17 15:15:55,879 - Epoch 108 Validation set [recall@5: 0.0443 recall@10: 0.0763 recall@20: 0.1250 ] [ndcg@5: 0.0507 ndcg@10: 0.0613 ndcg@20: 0.0778 ] 
2025-04-17 15:15:57,807 - Epoch 111 Validation set [recall@5: 0.0450 recall@10: 0.0756 recall@20: 0.1254 ] [ndcg@5: 0.0514 ndcg@10: 0.0612 ndcg@20: 0.0781 ] 
2025-04-17 15:15:59,718 - Epoch 114 Validation set [recall@5: 0.0448 recall@10: 0.0759 recall@20: 0.1243 ] [ndcg@5: 0.0507 ndcg@10: 0.0609 ndcg@20: 0.0776 ] 
2025-04-17 15:16:01,603 - Epoch 117 Validation set [recall@5: 0.0444 recall@10: 0.0739 recall@20: 0.1219 ] [ndcg@5: 0.0501 ndcg@10: 0.0595 ndcg@20: 0.0760 ] 
2025-04-17 15:16:03,532 - Epoch 120 Validation set [recall@5: 0.0437 recall@10: 0.0744 recall@20: 0.1238 ] [ndcg@5: 0.0497 ndcg@10: 0.0598 ndcg@20: 0.0769 ] 
2025-04-17 15:16:05,405 - Epoch 123 Validation set [recall@5: 0.0437 recall@10: 0.0746 recall@20: 0.1224 ] [ndcg@5: 0.0499 ndcg@10: 0.0599 ndcg@20: 0.0764 ] 
2025-04-17 15:16:07,275 - Epoch 126 Validation set [recall@5: 0.0430 recall@10: 0.0754 recall@20: 0.1242 ] [ndcg@5: 0.0495 ndcg@10: 0.0604 ndcg@20: 0.0770 ] 
2025-04-17 15:16:09,140 - Epoch 129 Validation set [recall@5: 0.0441 recall@10: 0.0740 recall@20: 0.1220 ] [ndcg@5: 0.0497 ndcg@10: 0.0594 ndcg@20: 0.0758 ] 
2025-04-17 15:16:10,992 - Epoch 132 Validation set [recall@5: 0.0436 recall@10: 0.0739 recall@20: 0.1209 ] [ndcg@5: 0.0491 ndcg@10: 0.0592 ndcg@20: 0.0754 ] 
2025-04-17 15:16:12,876 - Epoch 135 Validation set [recall@5: 0.0439 recall@10: 0.0741 recall@20: 0.1225 ] [ndcg@5: 0.0499 ndcg@10: 0.0595 ndcg@20: 0.0761 ] 
2025-04-17 15:16:14,800 - Epoch 138 Validation set [recall@5: 0.0431 recall@10: 0.0727 recall@20: 0.1198 ] [ndcg@5: 0.0493 ndcg@10: 0.0588 ndcg@20: 0.0750 ] 
2025-04-17 15:16:16,688 - Epoch 141 Validation set [recall@5: 0.0432 recall@10: 0.0736 recall@20: 0.1196 ] [ndcg@5: 0.0488 ndcg@10: 0.0589 ndcg@20: 0.0748 ] 
2025-04-17 15:16:18,553 - Epoch 144 Validation set [recall@5: 0.0435 recall@10: 0.0734 recall@20: 0.1211 ] [ndcg@5: 0.0497 ndcg@10: 0.0595 ndcg@20: 0.0757 ] 
2025-04-17 15:16:20,423 - Epoch 147 Validation set [recall@5: 0.0429 recall@10: 0.0732 recall@20: 0.1204 ] [ndcg@5: 0.0490 ndcg@10: 0.0589 ndcg@20: 0.0752 ] 
2025-04-17 15:16:22,312 - Epoch 150 Validation set [recall@5: 0.0417 recall@10: 0.0730 recall@20: 0.1207 ] [ndcg@5: 0.0484 ndcg@10: 0.0584 ndcg@20: 0.0748 ] 
2025-04-17 15:16:24,211 - Epoch 153 Validation set [recall@5: 0.0433 recall@10: 0.0743 recall@20: 0.1211 ] [ndcg@5: 0.0489 ndcg@10: 0.0590 ndcg@20: 0.0751 ] 
2025-04-17 15:16:26,072 - Epoch 156 Validation set [recall@5: 0.0436 recall@10: 0.0730 recall@20: 0.1196 ] [ndcg@5: 0.0498 ndcg@10: 0.0591 ndcg@20: 0.0750 ] 
2025-04-17 15:16:27,947 - Epoch 159 Validation set [recall@5: 0.0435 recall@10: 0.0725 recall@20: 0.1187 ] [ndcg@5: 0.0492 ndcg@10: 0.0584 ndcg@20: 0.0743 ] 
2025-04-17 15:16:29,826 - Epoch 162 Validation set [recall@5: 0.0418 recall@10: 0.0721 recall@20: 0.1196 ] [ndcg@5: 0.0480 ndcg@10: 0.0576 ndcg@20: 0.0737 ] 
2025-04-17 15:16:31,772 - Epoch 165 Validation set [recall@5: 0.0431 recall@10: 0.0729 recall@20: 0.1190 ] [ndcg@5: 0.0485 ndcg@10: 0.0583 ndcg@20: 0.0741 ] 
2025-04-17 15:16:33,705 - Epoch 168 Validation set [recall@5: 0.0423 recall@10: 0.0714 recall@20: 0.1186 ] [ndcg@5: 0.0474 ndcg@10: 0.0572 ndcg@20: 0.0735 ] 
2025-04-17 15:16:35,588 - Epoch 171 Validation set [recall@5: 0.0415 recall@10: 0.0726 recall@20: 0.1180 ] [ndcg@5: 0.0476 ndcg@10: 0.0577 ndcg@20: 0.0732 ] 
2025-04-17 15:16:36,818 - [recall@5: 0.0450 recall@10: 0.0756 recall@20: 0.1254 ] [ndcg@5: 0.0514 ndcg@10: 0.0612 ndcg@20: 0.0781 ] 
2025-04-17 15:16:38,054 - [recall@5: 0.0464 recall@10: 0.0766 recall@20: 0.1227 ] [ndcg@5: 0.0528 ndcg@10: 0.0622 ndcg@20: 0.0783 ] 
2025-04-17 15:16:38,054 - Best Epoch 111. Final test result: {'recall': array([0.04637111, 0.07659914, 0.1226961 ]), 'ndcg': array([0.05281726, 0.06224364, 0.07834358])}.
