2025-04-17 14:30:02,223 - {'optimizer': {'name': 'adam', 'lr': 0.001, 'weight_decay': 0}, 'train': {'epoch': 1000, 'batch_size': 1024, 'save_model': False, 'loss': 'pairwise', 'test_step': 3, 'reproducible': True, 'seed': 2024, 'patience': 20}, 'test': {'metrics': ['recall', 'ndcg'], 'k': [5, 10, 20], 'batch_size': 1024}, 'data': {'type': 'general_cf', 'name': 'amazon', 'user_num': 11000, 'item_num': 9332}, 'model': {'name': 'mult_vae_mddm', 'beta': 0.6, 'embedding_size': 32, 'dropout': 0.2, 'reg_weight': 1e-06, 'amazon': {'dropout': 0.3, 'reg_weight': 1e-06}, 'yelp': {'dropout': 0.3, 'reg_weight': 1e-06}, 'steam': {'dropout': 0.2, 'reg_weight': 1e-06}}}
2025-04-17 14:30:04,130 - Epoch   0 Validation set [recall@5: 0.0048 recall@10: 0.0092 recall@20: 0.0160 ] [ndcg@5: 0.0052 ndcg@10: 0.0067 ndcg@20: 0.0090 ] 
2025-04-17 14:30:05,798 - Epoch   3 Validation set [recall@5: 0.0151 recall@10: 0.0245 recall@20: 0.0398 ] [ndcg@5: 0.0167 ndcg@10: 0.0196 ndcg@20: 0.0245 ] 
2025-04-17 14:30:07,393 - Epoch   6 Validation set [recall@5: 0.0201 recall@10: 0.0332 recall@20: 0.0558 ] [ndcg@5: 0.0224 ndcg@10: 0.0265 ndcg@20: 0.0339 ] 
2025-04-17 14:30:08,989 - Epoch   9 Validation set [recall@5: 0.0292 recall@10: 0.0474 recall@20: 0.0758 ] [ndcg@5: 0.0310 ndcg@10: 0.0369 ndcg@20: 0.0459 ] 
2025-04-17 14:30:10,611 - Epoch  12 Validation set [recall@5: 0.0359 recall@10: 0.0585 recall@20: 0.0897 ] [ndcg@5: 0.0378 ndcg@10: 0.0452 ndcg@20: 0.0554 ] 
2025-04-17 14:30:12,213 - Epoch  15 Validation set [recall@5: 0.0393 recall@10: 0.0639 recall@20: 0.0997 ] [ndcg@5: 0.0402 ndcg@10: 0.0487 ndcg@20: 0.0604 ] 
2025-04-17 14:30:13,796 - Epoch  18 Validation set [recall@5: 0.0437 recall@10: 0.0714 recall@20: 0.1100 ] [ndcg@5: 0.0455 ndcg@10: 0.0547 ndcg@20: 0.0672 ] 
2025-04-17 14:30:15,421 - Epoch  21 Validation set [recall@5: 0.0459 recall@10: 0.0743 recall@20: 0.1159 ] [ndcg@5: 0.0462 ndcg@10: 0.0556 ndcg@20: 0.0694 ] 
2025-04-17 14:30:17,091 - Epoch  24 Validation set [recall@5: 0.0496 recall@10: 0.0763 recall@20: 0.1186 ] [ndcg@5: 0.0498 ndcg@10: 0.0588 ndcg@20: 0.0728 ] 
2025-04-17 14:30:18,740 - Epoch  27 Validation set [recall@5: 0.0510 recall@10: 0.0802 recall@20: 0.1220 ] [ndcg@5: 0.0511 ndcg@10: 0.0611 ndcg@20: 0.0749 ] 
2025-04-17 14:30:20,379 - Epoch  30 Validation set [recall@5: 0.0492 recall@10: 0.0805 recall@20: 0.1261 ] [ndcg@5: 0.0505 ndcg@10: 0.0612 ndcg@20: 0.0761 ] 
2025-04-17 14:30:21,996 - Epoch  33 Validation set [recall@5: 0.0527 recall@10: 0.0853 recall@20: 0.1302 ] [ndcg@5: 0.0528 ndcg@10: 0.0641 ndcg@20: 0.0790 ] 
2025-04-17 14:30:23,625 - Epoch  36 Validation set [recall@5: 0.0538 recall@10: 0.0873 recall@20: 0.1324 ] [ndcg@5: 0.0541 ndcg@10: 0.0657 ndcg@20: 0.0806 ] 
2025-04-17 14:30:25,253 - Epoch  39 Validation set [recall@5: 0.0568 recall@10: 0.0904 recall@20: 0.1381 ] [ndcg@5: 0.0570 ndcg@10: 0.0684 ndcg@20: 0.0843 ] 
2025-04-17 14:30:26,892 - Epoch  42 Validation set [recall@5: 0.0569 recall@10: 0.0918 recall@20: 0.1392 ] [ndcg@5: 0.0572 ndcg@10: 0.0692 ndcg@20: 0.0849 ] 
2025-04-17 14:30:28,517 - Epoch  45 Validation set [recall@5: 0.0568 recall@10: 0.0924 recall@20: 0.1401 ] [ndcg@5: 0.0570 ndcg@10: 0.0696 ndcg@20: 0.0854 ] 
2025-04-17 14:30:30,244 - Epoch  48 Validation set [recall@5: 0.0591 recall@10: 0.0947 recall@20: 0.1412 ] [ndcg@5: 0.0596 ndcg@10: 0.0718 ndcg@20: 0.0873 ] 
2025-04-17 14:30:31,904 - Epoch  51 Validation set [recall@5: 0.0612 recall@10: 0.0962 recall@20: 0.1445 ] [ndcg@5: 0.0612 ndcg@10: 0.0733 ndcg@20: 0.0892 ] 
2025-04-17 14:30:33,567 - Epoch  54 Validation set [recall@5: 0.0598 recall@10: 0.0962 recall@20: 0.1428 ] [ndcg@5: 0.0598 ndcg@10: 0.0725 ndcg@20: 0.0883 ] 
2025-04-17 14:30:35,279 - Epoch  57 Validation set [recall@5: 0.0622 recall@10: 0.0982 recall@20: 0.1485 ] [ndcg@5: 0.0620 ndcg@10: 0.0745 ndcg@20: 0.0912 ] 
2025-04-17 14:30:36,962 - Epoch  60 Validation set [recall@5: 0.0630 recall@10: 0.0987 recall@20: 0.1498 ] [ndcg@5: 0.0627 ndcg@10: 0.0752 ndcg@20: 0.0922 ] 
2025-04-17 14:30:38,600 - Epoch  63 Validation set [recall@5: 0.0634 recall@10: 0.0995 recall@20: 0.1473 ] [ndcg@5: 0.0636 ndcg@10: 0.0756 ndcg@20: 0.0914 ] 
2025-04-17 14:30:40,275 - Epoch  66 Validation set [recall@5: 0.0626 recall@10: 0.0996 recall@20: 0.1482 ] [ndcg@5: 0.0626 ndcg@10: 0.0755 ndcg@20: 0.0916 ] 
2025-04-17 14:30:41,931 - Epoch  69 Validation set [recall@5: 0.0637 recall@10: 0.0996 recall@20: 0.1497 ] [ndcg@5: 0.0630 ndcg@10: 0.0756 ndcg@20: 0.0925 ] 
2025-04-17 14:30:43,581 - Epoch  72 Validation set [recall@5: 0.0648 recall@10: 0.1004 recall@20: 0.1503 ] [ndcg@5: 0.0639 ndcg@10: 0.0761 ndcg@20: 0.0925 ] 
2025-04-17 14:30:45,236 - Epoch  75 Validation set [recall@5: 0.0648 recall@10: 0.1014 recall@20: 0.1524 ] [ndcg@5: 0.0646 ndcg@10: 0.0773 ndcg@20: 0.0940 ] 
2025-04-17 14:30:46,898 - Epoch  78 Validation set [recall@5: 0.0657 recall@10: 0.1025 recall@20: 0.1552 ] [ndcg@5: 0.0645 ndcg@10: 0.0775 ndcg@20: 0.0949 ] 
2025-04-17 14:30:48,596 - Epoch  81 Validation set [recall@5: 0.0652 recall@10: 0.1026 recall@20: 0.1520 ] [ndcg@5: 0.0654 ndcg@10: 0.0783 ndcg@20: 0.0949 ] 
2025-04-17 14:30:50,314 - Epoch  84 Validation set [recall@5: 0.0651 recall@10: 0.1025 recall@20: 0.1540 ] [ndcg@5: 0.0645 ndcg@10: 0.0779 ndcg@20: 0.0949 ] 
2025-04-17 14:30:52,005 - Epoch  87 Validation set [recall@5: 0.0659 recall@10: 0.1016 recall@20: 0.1502 ] [ndcg@5: 0.0649 ndcg@10: 0.0773 ndcg@20: 0.0934 ] 
2025-04-17 14:30:53,706 - Epoch  90 Validation set [recall@5: 0.0681 recall@10: 0.1032 recall@20: 0.1546 ] [ndcg@5: 0.0670 ndcg@10: 0.0793 ndcg@20: 0.0963 ] 
2025-04-17 14:30:55,425 - Epoch  93 Validation set [recall@5: 0.0676 recall@10: 0.1030 recall@20: 0.1554 ] [ndcg@5: 0.0680 ndcg@10: 0.0801 ndcg@20: 0.0974 ] 
2025-04-17 14:30:57,132 - Epoch  96 Validation set [recall@5: 0.0676 recall@10: 0.1046 recall@20: 0.1567 ] [ndcg@5: 0.0670 ndcg@10: 0.0801 ndcg@20: 0.0972 ] 
2025-04-17 14:30:58,777 - Epoch  99 Validation set [recall@5: 0.0676 recall@10: 0.1035 recall@20: 0.1540 ] [ndcg@5: 0.0665 ndcg@10: 0.0792 ndcg@20: 0.0961 ] 
2025-04-17 14:31:00,422 - Epoch 102 Validation set [recall@5: 0.0677 recall@10: 0.1049 recall@20: 0.1553 ] [ndcg@5: 0.0660 ndcg@10: 0.0791 ndcg@20: 0.0958 ] 
2025-04-17 14:31:02,074 - Epoch 105 Validation set [recall@5: 0.0685 recall@10: 0.1056 recall@20: 0.1548 ] [ndcg@5: 0.0672 ndcg@10: 0.0801 ndcg@20: 0.0963 ] 
2025-04-17 14:31:03,721 - Epoch 108 Validation set [recall@5: 0.0684 recall@10: 0.1037 recall@20: 0.1560 ] [ndcg@5: 0.0677 ndcg@10: 0.0799 ndcg@20: 0.0973 ] 
2025-04-17 14:31:05,432 - Epoch 111 Validation set [recall@5: 0.0686 recall@10: 0.1052 recall@20: 0.1581 ] [ndcg@5: 0.0671 ndcg@10: 0.0800 ndcg@20: 0.0974 ] 
2025-04-17 14:31:07,144 - Epoch 114 Validation set [recall@5: 0.0696 recall@10: 0.1066 recall@20: 0.1568 ] [ndcg@5: 0.0685 ndcg@10: 0.0813 ndcg@20: 0.0978 ] 
2025-04-17 14:31:08,785 - Epoch 117 Validation set [recall@5: 0.0700 recall@10: 0.1053 recall@20: 0.1577 ] [ndcg@5: 0.0677 ndcg@10: 0.0803 ndcg@20: 0.0977 ] 
2025-04-17 14:31:10,421 - Epoch 120 Validation set [recall@5: 0.0694 recall@10: 0.1051 recall@20: 0.1579 ] [ndcg@5: 0.0676 ndcg@10: 0.0804 ndcg@20: 0.0978 ] 
2025-04-17 14:31:12,054 - Epoch 123 Validation set [recall@5: 0.0681 recall@10: 0.1065 recall@20: 0.1552 ] [ndcg@5: 0.0669 ndcg@10: 0.0801 ndcg@20: 0.0962 ] 
2025-04-17 14:31:13,684 - Epoch 126 Validation set [recall@5: 0.0691 recall@10: 0.1058 recall@20: 0.1564 ] [ndcg@5: 0.0667 ndcg@10: 0.0798 ndcg@20: 0.0965 ] 
2025-04-17 14:31:15,332 - Epoch 129 Validation set [recall@5: 0.0679 recall@10: 0.1045 recall@20: 0.1544 ] [ndcg@5: 0.0663 ndcg@10: 0.0790 ndcg@20: 0.0957 ] 
2025-04-17 14:31:17,041 - Epoch 132 Validation set [recall@5: 0.0697 recall@10: 0.1040 recall@20: 0.1569 ] [ndcg@5: 0.0680 ndcg@10: 0.0800 ndcg@20: 0.0974 ] 
2025-04-17 14:31:18,697 - Epoch 135 Validation set [recall@5: 0.0693 recall@10: 0.1070 recall@20: 0.1556 ] [ndcg@5: 0.0683 ndcg@10: 0.0815 ndcg@20: 0.0976 ] 
2025-04-17 14:31:20,326 - Epoch 138 Validation set [recall@5: 0.0690 recall@10: 0.1083 recall@20: 0.1560 ] [ndcg@5: 0.0677 ndcg@10: 0.0812 ndcg@20: 0.0969 ] 
2025-04-17 14:31:21,951 - Epoch 141 Validation set [recall@5: 0.0699 recall@10: 0.1060 recall@20: 0.1569 ] [ndcg@5: 0.0686 ndcg@10: 0.0809 ndcg@20: 0.0977 ] 
2025-04-17 14:31:23,601 - Epoch 144 Validation set [recall@5: 0.0704 recall@10: 0.1077 recall@20: 0.1563 ] [ndcg@5: 0.0692 ndcg@10: 0.0823 ndcg@20: 0.0983 ] 
2025-04-17 14:31:25,332 - Epoch 147 Validation set [recall@5: 0.0683 recall@10: 0.1057 recall@20: 0.1565 ] [ndcg@5: 0.0666 ndcg@10: 0.0798 ndcg@20: 0.0968 ] 
2025-04-17 14:31:26,975 - Epoch 150 Validation set [recall@5: 0.0674 recall@10: 0.1045 recall@20: 0.1534 ] [ndcg@5: 0.0657 ndcg@10: 0.0790 ndcg@20: 0.0953 ] 
2025-04-17 14:31:28,639 - Epoch 153 Validation set [recall@5: 0.0690 recall@10: 0.1072 recall@20: 0.1554 ] [ndcg@5: 0.0671 ndcg@10: 0.0805 ndcg@20: 0.0966 ] 
2025-04-17 14:31:30,284 - Epoch 156 Validation set [recall@5: 0.0707 recall@10: 0.1061 recall@20: 0.1572 ] [ndcg@5: 0.0688 ndcg@10: 0.0812 ndcg@20: 0.0981 ] 
2025-04-17 14:31:31,934 - Epoch 159 Validation set [recall@5: 0.0677 recall@10: 0.1058 recall@20: 0.1560 ] [ndcg@5: 0.0673 ndcg@10: 0.0807 ndcg@20: 0.0973 ] 
2025-04-17 14:31:33,601 - Epoch 162 Validation set [recall@5: 0.0681 recall@10: 0.1068 recall@20: 0.1576 ] [ndcg@5: 0.0669 ndcg@10: 0.0809 ndcg@20: 0.0977 ] 
2025-04-17 14:31:35,317 - Epoch 165 Validation set [recall@5: 0.0682 recall@10: 0.1062 recall@20: 0.1570 ] [ndcg@5: 0.0664 ndcg@10: 0.0797 ndcg@20: 0.0965 ] 
2025-04-17 14:31:36,970 - Epoch 168 Validation set [recall@5: 0.0706 recall@10: 0.1060 recall@20: 0.1582 ] [ndcg@5: 0.0672 ndcg@10: 0.0797 ndcg@20: 0.0970 ] 
2025-04-17 14:31:38,623 - Epoch 171 Validation set [recall@5: 0.0689 recall@10: 0.1051 recall@20: 0.1573 ] [ndcg@5: 0.0672 ndcg@10: 0.0797 ndcg@20: 0.0970 ] 
2025-04-17 14:31:40,242 - Epoch 174 Validation set [recall@5: 0.0691 recall@10: 0.1066 recall@20: 0.1561 ] [ndcg@5: 0.0662 ndcg@10: 0.0793 ndcg@20: 0.0957 ] 
2025-04-17 14:31:41,861 - Epoch 177 Validation set [recall@5: 0.0716 recall@10: 0.1069 recall@20: 0.1587 ] [ndcg@5: 0.0687 ndcg@10: 0.0809 ndcg@20: 0.0980 ] 
2025-04-17 14:31:43,494 - Epoch 180 Validation set [recall@5: 0.0704 recall@10: 0.1070 recall@20: 0.1586 ] [ndcg@5: 0.0673 ndcg@10: 0.0802 ndcg@20: 0.0974 ] 
2025-04-17 14:31:45,174 - Epoch 183 Validation set [recall@5: 0.0701 recall@10: 0.1059 recall@20: 0.1579 ] [ndcg@5: 0.0679 ndcg@10: 0.0805 ndcg@20: 0.0977 ] 
2025-04-17 14:31:46,804 - Epoch 186 Validation set [recall@5: 0.0684 recall@10: 0.1062 recall@20: 0.1571 ] [ndcg@5: 0.0655 ndcg@10: 0.0790 ndcg@20: 0.0958 ] 
2025-04-17 14:31:48,471 - Epoch 189 Validation set [recall@5: 0.0691 recall@10: 0.1074 recall@20: 0.1589 ] [ndcg@5: 0.0671 ndcg@10: 0.0805 ndcg@20: 0.0974 ] 
2025-04-17 14:31:50,194 - Epoch 192 Validation set [recall@5: 0.0687 recall@10: 0.1052 recall@20: 0.1554 ] [ndcg@5: 0.0660 ndcg@10: 0.0792 ndcg@20: 0.0958 ] 
2025-04-17 14:31:51,854 - Epoch 195 Validation set [recall@5: 0.0700 recall@10: 0.1065 recall@20: 0.1579 ] [ndcg@5: 0.0665 ndcg@10: 0.0796 ndcg@20: 0.0965 ] 
2025-04-17 14:31:53,506 - Epoch 198 Validation set [recall@5: 0.0683 recall@10: 0.1052 recall@20: 0.1565 ] [ndcg@5: 0.0660 ndcg@10: 0.0789 ndcg@20: 0.0958 ] 
2025-04-17 14:31:55,197 - Epoch 201 Validation set [recall@5: 0.0691 recall@10: 0.1070 recall@20: 0.1581 ] [ndcg@5: 0.0665 ndcg@10: 0.0798 ndcg@20: 0.0967 ] 
2025-04-17 14:31:56,874 - Epoch 204 Validation set [recall@5: 0.0684 recall@10: 0.1051 recall@20: 0.1582 ] [ndcg@5: 0.0661 ndcg@10: 0.0791 ndcg@20: 0.0966 ] 
2025-04-17 14:31:58,527 - Epoch 207 Validation set [recall@5: 0.0703 recall@10: 0.1066 recall@20: 0.1558 ] [ndcg@5: 0.0668 ndcg@10: 0.0797 ndcg@20: 0.0959 ] 
2025-04-17 14:32:00,171 - Epoch 210 Validation set [recall@5: 0.0681 recall@10: 0.1065 recall@20: 0.1564 ] [ndcg@5: 0.0653 ndcg@10: 0.0789 ndcg@20: 0.0954 ] 
2025-04-17 14:32:01,791 - Epoch 213 Validation set [recall@5: 0.0680 recall@10: 0.1050 recall@20: 0.1568 ] [ndcg@5: 0.0664 ndcg@10: 0.0790 ndcg@20: 0.0959 ] 
2025-04-17 14:32:03,422 - Epoch 216 Validation set [recall@5: 0.0685 recall@10: 0.1049 recall@20: 0.1567 ] [ndcg@5: 0.0646 ndcg@10: 0.0778 ndcg@20: 0.0949 ] 
2025-04-17 14:32:05,181 - Epoch 219 Validation set [recall@5: 0.0672 recall@10: 0.1057 recall@20: 0.1552 ] [ndcg@5: 0.0652 ndcg@10: 0.0791 ndcg@20: 0.0955 ] 
2025-04-17 14:32:06,860 - Epoch 222 Validation set [recall@5: 0.0687 recall@10: 0.1050 recall@20: 0.1564 ] [ndcg@5: 0.0662 ndcg@10: 0.0790 ndcg@20: 0.0960 ] 
2025-04-17 14:32:08,517 - Epoch 225 Validation set [recall@5: 0.0673 recall@10: 0.1041 recall@20: 0.1567 ] [ndcg@5: 0.0645 ndcg@10: 0.0775 ndcg@20: 0.0947 ] 
2025-04-17 14:32:10,177 - Epoch 228 Validation set [recall@5: 0.0673 recall@10: 0.1043 recall@20: 0.1540 ] [ndcg@5: 0.0655 ndcg@10: 0.0784 ndcg@20: 0.0949 ] 
2025-04-17 14:32:11,872 - Epoch 231 Validation set [recall@5: 0.0677 recall@10: 0.1037 recall@20: 0.1552 ] [ndcg@5: 0.0659 ndcg@10: 0.0785 ndcg@20: 0.0955 ] 
2025-04-17 14:32:13,521 - Epoch 234 Validation set [recall@5: 0.0684 recall@10: 0.1046 recall@20: 0.1553 ] [ndcg@5: 0.0654 ndcg@10: 0.0783 ndcg@20: 0.0948 ] 
2025-04-17 14:32:15,189 - Epoch 237 Validation set [recall@5: 0.0686 recall@10: 0.1058 recall@20: 0.1556 ] [ndcg@5: 0.0661 ndcg@10: 0.0792 ndcg@20: 0.0957 ] 
2025-04-17 14:32:16,822 - Epoch 240 Validation set [recall@5: 0.0680 recall@10: 0.1042 recall@20: 0.1531 ] [ndcg@5: 0.0654 ndcg@10: 0.0783 ndcg@20: 0.0942 ] 
2025-04-17 14:32:18,459 - Epoch 243 Validation set [recall@5: 0.0674 recall@10: 0.1044 recall@20: 0.1548 ] [ndcg@5: 0.0647 ndcg@10: 0.0777 ndcg@20: 0.0941 ] 
2025-04-17 14:32:20,153 - Epoch 246 Validation set [recall@5: 0.0676 recall@10: 0.1035 recall@20: 0.1546 ] [ndcg@5: 0.0650 ndcg@10: 0.0777 ndcg@20: 0.0944 ] 
2025-04-17 14:32:21,787 - Epoch 249 Validation set [recall@5: 0.0674 recall@10: 0.1051 recall@20: 0.1541 ] [ndcg@5: 0.0642 ndcg@10: 0.0778 ndcg@20: 0.0938 ] 
2025-04-17 14:32:22,824 - [recall@5: 0.0691 recall@10: 0.1074 recall@20: 0.1589 ] [ndcg@5: 0.0671 ndcg@10: 0.0805 ndcg@20: 0.0974 ] 
2025-04-17 14:32:23,942 - [recall@5: 0.0701 recall@10: 0.1070 recall@20: 0.1582 ] [ndcg@5: 0.0687 ndcg@10: 0.0816 ndcg@20: 0.0987 ] 
2025-04-17 14:32:23,942 - Best Epoch 189. Final test result: {'recall': array([0.07013578, 0.10701068, 0.15815761]), 'ndcg': array([0.06867725, 0.08159199, 0.0987045 ])}.
