2025-04-17 15:41:08,797 - {'optimizer': {'name': 'adam', 'lr': 0.001, 'weight_decay': 0}, 'train': {'epoch': 1000, 'batch_size': 1024, 'save_model': False, 'loss': 'pairwise', 'test_step': 3, 'reproducible': True, 'seed': 2024, 'patience': 20}, 'test': {'metrics': ['recall', 'ndcg'], 'k': [5, 10, 20], 'batch_size': 1024}, 'data': {'type': 'general_cf', 'name': 'steam', 'user_num': 23310, 'item_num': 5237}, 'model': {'name': 'mult_vae_mddm', 'beta': 0.5, 'embedding_size': 32, 'dropout': 0.2, 'reg_weight': 1e-06, 'amazon': {'dropout': 0.3, 'reg_weight': 1e-06}, 'yelp': {'dropout': 0.3, 'reg_weight': 1e-06}, 'steam': {'dropout': 0.2, 'reg_weight': 1e-06}}}
2025-04-17 15:41:11,488 - Epoch   0 Validation set [recall@5: 0.0351 recall@10: 0.0558 recall@20: 0.0903 ] [ndcg@5: 0.0411 ndcg@10: 0.0472 ndcg@20: 0.0584 ] 
2025-04-17 15:41:13,962 - Epoch   3 Validation set [recall@5: 0.0367 recall@10: 0.0603 recall@20: 0.0991 ] [ndcg@5: 0.0435 ndcg@10: 0.0507 ndcg@20: 0.0634 ] 
2025-04-17 15:41:16,552 - Epoch   6 Validation set [recall@5: 0.0431 recall@10: 0.0728 recall@20: 0.1156 ] [ndcg@5: 0.0496 ndcg@10: 0.0593 ndcg@20: 0.0736 ] 
2025-04-17 15:41:19,191 - Epoch   9 Validation set [recall@5: 0.0471 recall@10: 0.0779 recall@20: 0.1237 ] [ndcg@5: 0.0542 ndcg@10: 0.0639 ndcg@20: 0.0792 ] 
2025-04-17 15:41:21,852 - Epoch  12 Validation set [recall@5: 0.0498 recall@10: 0.0815 recall@20: 0.1295 ] [ndcg@5: 0.0571 ndcg@10: 0.0669 ndcg@20: 0.0830 ] 
2025-04-17 15:41:24,494 - Epoch  15 Validation set [recall@5: 0.0516 recall@10: 0.0841 recall@20: 0.1332 ] [ndcg@5: 0.0585 ndcg@10: 0.0688 ndcg@20: 0.0852 ] 
2025-04-17 15:41:27,114 - Epoch  18 Validation set [recall@5: 0.0543 recall@10: 0.0880 recall@20: 0.1376 ] [ndcg@5: 0.0609 ndcg@10: 0.0718 ndcg@20: 0.0885 ] 
2025-04-17 15:41:29,724 - Epoch  21 Validation set [recall@5: 0.0551 recall@10: 0.0886 recall@20: 0.1400 ] [ndcg@5: 0.0616 ndcg@10: 0.0723 ndcg@20: 0.0898 ] 
2025-04-17 15:41:32,375 - Epoch  24 Validation set [recall@5: 0.0543 recall@10: 0.0900 recall@20: 0.1425 ] [ndcg@5: 0.0614 ndcg@10: 0.0731 ndcg@20: 0.0908 ] 
2025-04-17 15:41:34,907 - Epoch  27 Validation set [recall@5: 0.0568 recall@10: 0.0908 recall@20: 0.1446 ] [ndcg@5: 0.0630 ndcg@10: 0.0739 ndcg@20: 0.0921 ] 
2025-04-17 15:41:37,544 - Epoch  30 Validation set [recall@5: 0.0567 recall@10: 0.0927 recall@20: 0.1454 ] [ndcg@5: 0.0637 ndcg@10: 0.0754 ndcg@20: 0.0933 ] 
2025-04-17 15:41:40,189 - Epoch  33 Validation set [recall@5: 0.0570 recall@10: 0.0937 recall@20: 0.1462 ] [ndcg@5: 0.0638 ndcg@10: 0.0758 ndcg@20: 0.0937 ] 
2025-04-17 15:41:42,735 - Epoch  36 Validation set [recall@5: 0.0582 recall@10: 0.0950 recall@20: 0.1480 ] [ndcg@5: 0.0652 ndcg@10: 0.0770 ndcg@20: 0.0950 ] 
2025-04-17 15:41:45,290 - Epoch  39 Validation set [recall@5: 0.0585 recall@10: 0.0960 recall@20: 0.1491 ] [ndcg@5: 0.0650 ndcg@10: 0.0773 ndcg@20: 0.0953 ] 
2025-04-17 15:41:47,876 - Epoch  42 Validation set [recall@5: 0.0602 recall@10: 0.0961 recall@20: 0.1494 ] [ndcg@5: 0.0664 ndcg@10: 0.0780 ndcg@20: 0.0961 ] 
2025-04-17 15:41:50,507 - Epoch  45 Validation set [recall@5: 0.0598 recall@10: 0.0964 recall@20: 0.1499 ] [ndcg@5: 0.0656 ndcg@10: 0.0777 ndcg@20: 0.0958 ] 
2025-04-17 15:41:53,134 - Epoch  48 Validation set [recall@5: 0.0598 recall@10: 0.0961 recall@20: 0.1506 ] [ndcg@5: 0.0658 ndcg@10: 0.0777 ndcg@20: 0.0962 ] 
2025-04-17 15:41:55,643 - Epoch  51 Validation set [recall@5: 0.0605 recall@10: 0.0973 recall@20: 0.1515 ] [ndcg@5: 0.0661 ndcg@10: 0.0783 ndcg@20: 0.0968 ] 
2025-04-17 15:41:58,266 - Epoch  54 Validation set [recall@5: 0.0604 recall@10: 0.0979 recall@20: 0.1518 ] [ndcg@5: 0.0666 ndcg@10: 0.0788 ndcg@20: 0.0972 ] 
2025-04-17 15:42:00,872 - Epoch  57 Validation set [recall@5: 0.0612 recall@10: 0.0974 recall@20: 0.1515 ] [ndcg@5: 0.0663 ndcg@10: 0.0784 ndcg@20: 0.0970 ] 
2025-04-17 15:42:03,516 - Epoch  60 Validation set [recall@5: 0.0607 recall@10: 0.0979 recall@20: 0.1526 ] [ndcg@5: 0.0667 ndcg@10: 0.0790 ndcg@20: 0.0976 ] 
2025-04-17 15:42:06,144 - Epoch  63 Validation set [recall@5: 0.0603 recall@10: 0.0982 recall@20: 0.1533 ] [ndcg@5: 0.0665 ndcg@10: 0.0790 ndcg@20: 0.0978 ] 
2025-04-17 15:42:08,667 - Epoch  66 Validation set [recall@5: 0.0612 recall@10: 0.0986 recall@20: 0.1528 ] [ndcg@5: 0.0667 ndcg@10: 0.0790 ndcg@20: 0.0976 ] 
2025-04-17 15:42:11,293 - Epoch  69 Validation set [recall@5: 0.0609 recall@10: 0.0989 recall@20: 0.1526 ] [ndcg@5: 0.0664 ndcg@10: 0.0791 ndcg@20: 0.0975 ] 
2025-04-17 15:42:13,888 - Epoch  72 Validation set [recall@5: 0.0607 recall@10: 0.0985 recall@20: 0.1527 ] [ndcg@5: 0.0666 ndcg@10: 0.0792 ndcg@20: 0.0978 ] 
2025-04-17 15:42:16,544 - Epoch  75 Validation set [recall@5: 0.0609 recall@10: 0.0983 recall@20: 0.1534 ] [ndcg@5: 0.0666 ndcg@10: 0.0789 ndcg@20: 0.0979 ] 
2025-04-17 15:42:19,209 - Epoch  78 Validation set [recall@5: 0.0605 recall@10: 0.0993 recall@20: 0.1532 ] [ndcg@5: 0.0665 ndcg@10: 0.0794 ndcg@20: 0.0979 ] 
2025-04-17 15:42:21,801 - Epoch  81 Validation set [recall@5: 0.0601 recall@10: 0.0999 recall@20: 0.1536 ] [ndcg@5: 0.0656 ndcg@10: 0.0791 ndcg@20: 0.0976 ] 
2025-04-17 15:42:24,400 - Epoch  84 Validation set [recall@5: 0.0611 recall@10: 0.0986 recall@20: 0.1526 ] [ndcg@5: 0.0669 ndcg@10: 0.0792 ndcg@20: 0.0977 ] 
2025-04-17 15:42:26,974 - Epoch  87 Validation set [recall@5: 0.0605 recall@10: 0.0997 recall@20: 0.1545 ] [ndcg@5: 0.0664 ndcg@10: 0.0794 ndcg@20: 0.0982 ] 
2025-04-17 15:42:29,551 - Epoch  90 Validation set [recall@5: 0.0612 recall@10: 0.0992 recall@20: 0.1537 ] [ndcg@5: 0.0664 ndcg@10: 0.0790 ndcg@20: 0.0978 ] 
2025-04-17 15:42:32,090 - Epoch  93 Validation set [recall@5: 0.0613 recall@10: 0.0984 recall@20: 0.1539 ] [ndcg@5: 0.0670 ndcg@10: 0.0792 ndcg@20: 0.0982 ] 
2025-04-17 15:42:34,688 - Epoch  96 Validation set [recall@5: 0.0609 recall@10: 0.0992 recall@20: 0.1529 ] [ndcg@5: 0.0657 ndcg@10: 0.0789 ndcg@20: 0.0974 ] 
2025-04-17 15:42:37,345 - Epoch  99 Validation set [recall@5: 0.0612 recall@10: 0.0989 recall@20: 0.1534 ] [ndcg@5: 0.0665 ndcg@10: 0.0791 ndcg@20: 0.0979 ] 
2025-04-17 15:42:39,864 - Epoch 102 Validation set [recall@5: 0.0610 recall@10: 0.0991 recall@20: 0.1542 ] [ndcg@5: 0.0662 ndcg@10: 0.0792 ndcg@20: 0.0982 ] 
2025-04-17 15:42:42,495 - Epoch 105 Validation set [recall@5: 0.0608 recall@10: 0.0984 recall@20: 0.1531 ] [ndcg@5: 0.0658 ndcg@10: 0.0785 ndcg@20: 0.0972 ] 
2025-04-17 15:42:45,116 - Epoch 108 Validation set [recall@5: 0.0615 recall@10: 0.0990 recall@20: 0.1519 ] [ndcg@5: 0.0667 ndcg@10: 0.0792 ndcg@20: 0.0974 ] 
2025-04-17 15:42:47,639 - Epoch 111 Validation set [recall@5: 0.0607 recall@10: 0.0983 recall@20: 0.1531 ] [ndcg@5: 0.0663 ndcg@10: 0.0789 ndcg@20: 0.0977 ] 
2025-04-17 15:42:50,279 - Epoch 114 Validation set [recall@5: 0.0601 recall@10: 0.0980 recall@20: 0.1521 ] [ndcg@5: 0.0652 ndcg@10: 0.0782 ndcg@20: 0.0968 ] 
2025-04-17 15:42:52,928 - Epoch 117 Validation set [recall@5: 0.0607 recall@10: 0.0979 recall@20: 0.1530 ] [ndcg@5: 0.0655 ndcg@10: 0.0780 ndcg@20: 0.0971 ] 
2025-04-17 15:42:55,474 - Epoch 120 Validation set [recall@5: 0.0614 recall@10: 0.0991 recall@20: 0.1530 ] [ndcg@5: 0.0662 ndcg@10: 0.0790 ndcg@20: 0.0976 ] 
2025-04-17 15:42:58,128 - Epoch 123 Validation set [recall@5: 0.0602 recall@10: 0.0981 recall@20: 0.1533 ] [ndcg@5: 0.0651 ndcg@10: 0.0779 ndcg@20: 0.0970 ] 
2025-04-17 15:43:00,674 - Epoch 126 Validation set [recall@5: 0.0613 recall@10: 0.0995 recall@20: 0.1539 ] [ndcg@5: 0.0662 ndcg@10: 0.0792 ndcg@20: 0.0979 ] 
2025-04-17 15:43:03,340 - Epoch 129 Validation set [recall@5: 0.0610 recall@10: 0.0993 recall@20: 0.1532 ] [ndcg@5: 0.0656 ndcg@10: 0.0788 ndcg@20: 0.0975 ] 
2025-04-17 15:43:05,907 - Epoch 132 Validation set [recall@5: 0.0606 recall@10: 0.0979 recall@20: 0.1537 ] [ndcg@5: 0.0658 ndcg@10: 0.0784 ndcg@20: 0.0976 ] 
2025-04-17 15:43:08,560 - Epoch 135 Validation set [recall@5: 0.0602 recall@10: 0.0975 recall@20: 0.1523 ] [ndcg@5: 0.0647 ndcg@10: 0.0774 ndcg@20: 0.0965 ] 
2025-04-17 15:43:11,173 - Epoch 138 Validation set [recall@5: 0.0602 recall@10: 0.0983 recall@20: 0.1524 ] [ndcg@5: 0.0650 ndcg@10: 0.0780 ndcg@20: 0.0967 ] 
2025-04-17 15:43:13,754 - Epoch 141 Validation set [recall@5: 0.0610 recall@10: 0.0983 recall@20: 0.1534 ] [ndcg@5: 0.0655 ndcg@10: 0.0781 ndcg@20: 0.0972 ] 
2025-04-17 15:43:16,345 - Epoch 144 Validation set [recall@5: 0.0612 recall@10: 0.0996 recall@20: 0.1517 ] [ndcg@5: 0.0660 ndcg@10: 0.0791 ndcg@20: 0.0971 ] 
2025-04-17 15:43:18,959 - Epoch 147 Validation set [recall@5: 0.0615 recall@10: 0.0991 recall@20: 0.1519 ] [ndcg@5: 0.0657 ndcg@10: 0.0784 ndcg@20: 0.0967 ] 
2025-04-17 15:43:20,794 - [recall@5: 0.0605 recall@10: 0.0997 recall@20: 0.1545 ] [ndcg@5: 0.0664 ndcg@10: 0.0794 ndcg@20: 0.0982 ] 
2025-04-17 15:43:22,899 - [recall@5: 0.0602 recall@10: 0.0990 recall@20: 0.1537 ] [ndcg@5: 0.0648 ndcg@10: 0.0781 ndcg@20: 0.0970 ] 
2025-04-17 15:43:22,899 - Best Epoch 87. Final test result: {'recall': array([0.06018916, 0.0989673 , 0.15373192]), 'ndcg': array([0.06482989, 0.07811044, 0.09700468])}.
